Archive member included to satisfy reference by file (symbol)

C:/msys32/home/Fernando/esp/esp-idf/examples/projetos/EX03/build/cxx\libcxx.a(cxx_exception_stubs.o)
                              (__cxx_fatal_exception)
C:/msys32/home/Fernando/esp/esp-idf/examples/projetos/EX03/build/cxx\libcxx.a(cxx_guards.o)
                              (__cxa_guard_dummy)
C:/msys32/home/Fernando/esp/esp-idf/examples/projetos/EX03/build/esp32\libesp32.a(cpu_start.o)
                              (call_start_cpu0)
C:/msys32/home/Fernando/esp/esp-idf/examples/projetos/EX03/build/esp32\libesp32.a(task_wdt.o)
                              C:/msys32/home/Fernando/esp/esp-idf/examples/projetos/EX03/build/esp32\libesp32.a(cpu_start.o) (esp_task_wdt_init)
C:/msys32/home/Fernando/esp/esp-idf/examples/projetos/EX03/build/esp32\libesp32.a(panic.o)
                              C:/msys32/home/Fernando/esp/esp-idf/examples/projetos/EX03/build/cxx\libcxx.a(cxx_exception_stubs.o) (abort)
C:/msys32/home/Fernando/esp/esp-idf/examples/projetos/EX03/build/esp32\libesp32.a(dport_panic_highint_hdl.o)
                              (ld_include_panic_highint_hdl)
C:/msys32/home/Fernando/esp/esp-idf/examples/projetos/EX03/build/esp32\libesp32.a(int_wdt.o)
                              C:/msys32/home/Fernando/esp/esp-idf/examples/projetos/EX03/build/esp32\libesp32.a(dport_panic_highint_hdl.o) (int_wdt_app_cpu_ticked)
C:/msys32/home/Fernando/esp/esp-idf/examples/projetos/EX03/build/esp32\libesp32.a(brownout.o)
                              C:/msys32/home/Fernando/esp/esp-idf/examples/projetos/EX03/build/esp32\libesp32.a(cpu_start.o) (esp_brownout_init)
C:/msys32/home/Fernando/esp/esp-idf/examples/projetos/EX03/build/esp32\libesp32.a(system_api.o)
                              C:/msys32/home/Fernando/esp/esp-idf/examples/projetos/EX03/build/esp32\libesp32.a(panic.o) (esp_restart_noos)
C:/msys32/home/Fernando/esp/esp-idf/examples/projetos/EX03/build/esp32\libesp32.a(dport_access.o)
                              C:/msys32/home/Fernando/esp/esp-idf/examples/projetos/EX03/build/esp32\libesp32.a(dport_panic_highint_hdl.o) (dport_access_start)
C:/msys32/home/Fernando/esp/esp-idf/examples/projetos/EX03/build/esp32\libesp32.a(esp_timer.o)
                              C:/msys32/home/Fernando/esp/esp-idf/examples/projetos/EX03/build/esp32\libesp32.a(cpu_start.o) (esp_timer_init)
C:/msys32/home/Fernando/esp/esp-idf/examples/projetos/EX03/build/esp32\libesp32.a(intr_alloc.o)
                              C:/msys32/home/Fernando/esp/esp-idf/examples/projetos/EX03/build/esp32\libesp32.a(task_wdt.o) (esp_intr_alloc)
C:/msys32/home/Fernando/esp/esp-idf/examples/projetos/EX03/build/esp32\libesp32.a(ipc.o)
                              C:/msys32/home/Fernando/esp/esp-idf/examples/projetos/EX03/build/esp32\libesp32.a(cpu_start.o) (esp_ipc_init)
C:/msys32/home/Fernando/esp/esp-idf/examples/projetos/EX03/build/esp32\libesp32.a(cache_err_int.o)
                              C:/msys32/home/Fernando/esp/esp-idf/examples/projetos/EX03/build/esp32\libesp32.a(cpu_start.o) (esp_cache_err_int_init)
C:/msys32/home/Fernando/esp/esp-idf/examples/projetos/EX03/build/esp32\libesp32.a(freertos_hooks.o)
                              C:/msys32/home/Fernando/esp/esp-idf/examples/projetos/EX03/build/esp32\libesp32.a(task_wdt.o) (esp_register_freertos_idle_hook_for_cpu)
C:/msys32/home/Fernando/esp/esp-idf/examples/projetos/EX03/build/esp32\libesp32.a(clk.o)
                              C:/msys32/home/Fernando/esp/esp-idf/examples/projetos/EX03/build/esp32\libesp32.a(cpu_start.o) (esp_clk_init)
C:/msys32/home/Fernando/esp/esp-idf/examples/projetos/EX03/build/esp32\libesp32.a(esp_timer_esp32.o)
                              C:/msys32/home/Fernando/esp/esp-idf/examples/projetos/EX03/build/esp32\libesp32.a(esp_timer.o) (esp_timer_impl_get_time)
C:/msys32/home/Fernando/esp/esp-idf/examples/projetos/EX03/build/esp32\libesp32.a(crosscore_int.o)
                              C:/msys32/home/Fernando/esp/esp-idf/examples/projetos/EX03/build/esp32\libesp32.a(cpu_start.o) (esp_crosscore_int_init)
C:/msys32/home/Fernando/esp/esp-idf/components/esp32/libhal.a(int_asm--set_intclear.o)
                              C:/msys32/home/Fernando/esp/esp-idf/examples/projetos/EX03/build/esp32\libesp32.a(intr_alloc.o) (xthal_set_intclear)
C:/msys32/home/Fernando/esp/esp-idf/examples/projetos/EX03/build/freertos\libfreertos.a(FreeRTOS-openocd.o)
                              (uxTopUsedPriority)
C:/msys32/home/Fernando/esp/esp-idf/examples/projetos/EX03/build/freertos\libfreertos.a(tasks.o)
                              C:/msys32/home/Fernando/esp/esp-idf/examples/projetos/EX03/build/esp32\libesp32.a(system_api.o) (vTaskSuspendAll)
C:/msys32/home/Fernando/esp/esp-idf/examples/projetos/EX03/build/freertos\libfreertos.a(port.o)
[...]
Memory Configuration

Name             Origin             Length             Attributes
iram0_0_seg      0x40080000         0x00020000         xr
iram0_2_seg      0x400d0018         0x0032ffe8         xr
dram0_0_seg      0x3ffb0000         0x0002c200         rw
drom0_0_seg      0x3f400018         0x003fffe8         r
rtc_iram_seg     0x400c0000         0x00002000         xrw
rtc_slow_seg     0x50000000         0x00001000         rw
*default*        0x00000000         0xffffffff

Linker script and memory map

START GROUP
LOAD C:/msys32/home/Fernando/esp/esp-idf/examples/projetos/EX03/build/app_trace\libapp_trace.a
LOAD C:/msys32/home/Fernando/esp/esp-idf/examples/projetos/EX03/build/app_update\libapp_update.a
LOAD C:/msys32/home/Fernando/esp/esp-idf/examples/projetos/EX03/build/bootloader_support\libbootloader_support.a
LOAD C:/msys32/home/Fernando/esp/esp-idf/examples/projetos/EX03/build/bt\libbt.a
LOAD C:/msys32/home/Fernando/esp/esp-idf/examples/projetos/EX03/build/coap\libcoap.a
LOAD C:/msys32/home/Fernando/esp/esp-idf/examples/projetos/EX03/build/console\libconsole.a
LOAD C:/msys32/home/Fernando/esp/esp-idf/examples/projetos/EX03/build/cxx\libcxx.a
LOAD C:/msys32/home/Fernando/esp/esp-idf/examples/projetos/EX03/build/driver\libdriver.a
LOAD C:/msys32/home/Fernando/esp/esp-idf/examples/projetos/EX03/build/esp32\libesp32.a
LOAD C:/msys32/home/Fernando/esp/esp-idf/components/esp32/libhal.a
LOAD C:/msys32/home/Fernando/esp/esp-idf/components/esp32/lib\libcore.a
LOAD C:/msys32/home/Fernando/esp/esp-idf/components/esp32/lib\librtc.a
LOAD C:/msys32/home/Fernando/esp/esp-idf/components/esp32/lib\libnet80211.a
LOAD C:/msys32/home/Fernando/esp/esp-idf/components/esp32/lib\libpp.a
LOAD C:/msys32/home/Fernando/esp/esp-idf/components/esp32/lib\libwpa.a
LOAD C:/msys32/home/Fernando/esp/esp-idf/components/esp32/lib\libsmartconfig.a
LOAD C:/msys32/home/Fernando/esp/esp-idf/components/esp32/lib\libcoexist.a
LOAD C:/msys32/home/Fernando/esp/esp-idf/components/esp32/lib\libwps.a
LOAD C:/msys32/home/Fernando/esp/esp-idf/components/esp32/lib\libwpa2.a
LOAD C:/msys32/home/Fernando/esp/esp-idf/components/esp32/lib\libespnow.a
LOAD C:/msys32/home/Fernando/esp/esp-idf/components/esp32/lib\libphy.a
LOAD C:/msys32/home/Fernando/esp/esp-idf/examples/projetos/EX03/build/esp_adc_cal\libesp_adc_cal.a
LOAD C:/msys32/home/Fernando/esp/esp-idf/examples/projetos/EX03/build/espmqtt\libespmqtt.a
LOAD C:/msys32/home/Fernando/esp/esp-idf/examples/projetos/EX03/build/ethernet\libethernet.a
LOAD C:/msys32/home/Fernando/esp/esp-idf/examples/projetos/EX03/build/expat\libexpat.a
LOAD C:/msys32/home/Fernando/esp/esp-idf/examples/projetos/EX03/build/fatfs\libfatfs.a
LOAD C:/msys32/home/Fernando/esp/esp-idf/examples/projetos/EX03/build/freertos\libfreertos.a
LOAD C:/msys32/home/Fernando/esp/esp-idf/examples/projetos/EX03/build/heap\libheap.a
LOAD C:/msys32/home/Fernando/esp/esp-idf/examples/projetos/EX03/build/idf_test\libidf_test.a
LOAD C:/msys32/home/Fernando/esp/esp-idf/examples/projetos/EX03/build/jsmn\libjsmn.a
LOAD C:/msys32/home/Fernando/esp/esp-idf/examples/projetos/EX03/build/json\libjson.a
LOAD C:/msys32/home/Fernando/esp/esp-idf/examples/projetos/EX03/build/libsodium\liblibsodium.a
LOAD C:/msys32/home/Fernando/esp/esp-idf/examples/projetos/EX03/build/log\liblog.a
LOAD C:/msys32/home/Fernando/esp/esp-idf/examples/projetos/EX03/build/lwip\liblwip.a
LOAD C:/msys32/home/Fernando/esp/esp-idf/examples/projetos/EX03/build/main\libmain.a
LOAD C:/msys32/home/Fernando/esp/esp-idf/examples/projetos/EX03/build/mbedtls\libmbedtls.a
LOAD C:/msys32/home/Fernando/esp/esp-idf/examples/projetos/EX03/build/mdns\libmdns.a
LOAD C:/msys32/home/Fernando/esp/esp-idf/examples/projetos/EX03/build/micro-ecc\libmicro-ecc.a
LOAD C:/msys32/home/Fernando/esp/esp-idf/components/newlib/lib/libc.a
LOAD C:/msys32/home/Fernando/esp/esp-idf/components/newlib/lib/libm.a
LOAD C:/msys32/home/Fernando/esp/esp-idf/examples/projetos/EX03/build/newlib\libnewlib.a
LOAD C:/msys32/home/Fernando/esp/esp-idf/examples/projetos/EX03/build/nghttp\libnghttp.a
LOAD C:/msys32/home/Fernando/esp/esp-idf/examples/projetos/EX03/build/nvs_flash\libnvs_flash.a
LOAD C:/msys32/home/Fernando/esp/esp-idf/examples/projetos/EX03/build/openssl\libopenssl.a
LOAD C:/msys32/home/Fernando/esp/esp-idf/examples/projetos/EX03/build/pthread\libpthread.a
LOAD C:/msys32/home/Fernando/esp/esp-idf/examples/projetos/EX03/build/sdmmc\libsdmmc.a
LOAD C:/msys32/home/Fernando/esp/esp-idf/examples/projetos/EX03/build/soc\libsoc.a
LOAD C:/msys32/home/Fernando/esp/esp-idf/examples/projetos/EX03/build/spi_flash\libspi_flash.a
LOAD C:/msys32/home/Fernando/esp/esp-idf/examples/projetos/EX03/build/spiffs\libspiffs.a
LOAD C:/msys32/home/Fernando/esp/esp-idf/examples/projetos/EX03/build/tcpip_adapter\libtcpip_adapter.a
LOAD C:/msys32/home/Fernando/esp/esp-idf/examples/projetos/EX03/build/ulp\libulp.a
LOAD C:/msys32/home/Fernando/esp/esp-idf/examples/projetos/EX03/build/vfs\libvfs.a
LOAD C:/msys32/home/Fernando/esp/esp-idf/examples/projetos/EX03/build/wear_levelling\libwear_levelling.a
LOAD C:/msys32/home/Fernando/esp/esp-idf/examples/projetos/EX03/build/wpa_supplicant\libwpa_supplicant.a
LOAD C:/msys32/home/Fernando/esp/esp-idf/examples/projetos/EX03/build/xtensa-debug-module\libxtensa-debug-module.a
LOAD c:/msys32/opt/xtensa-esp32-elf/bin/../lib/gcc/xtensa-esp32-elf/5.2.0\libgcc.a
LOAD c:/msys32/opt/xtensa-esp32-elf/bin/../lib/gcc/xtensa-esp32-elf/5.2.0/../../../../xtensa-esp32-elf/lib\libstdc++.a
LOAD c:/msys32/opt/xtensa-esp32-elf/bin/../lib/gcc/xtensa-esp32-elf/5.2.0\libgcov.a
END GROUP
                0x40000000                _heap_end = 0x40000000

.rtc.text       0x400c0000        0x0
                0x400c0000                . = ALIGN (0x4)
 *(.rtc.literal .rtc.text)
 *rtc_wake_stub*.o(.literal .text .literal.* .text.*)

.rtc.data       0x50000000        0x0
                0x50000000                _rtc_data_start = ABSOLUTE (.)
 *(.rtc.data)
 *(.rtc.rodata)
 *rtc_wake_stub*.o(.data .rodata .data.* .rodata.* .bss .bss.*)
                0x50000000                _rtc_data_end = ABSOLUTE (.)

.rtc.bss        0x50000000        0x0
                0x50000000                _rtc_bss_start = ABSOLUTE (.)
 *rtc_wake_stub*.o(.bss .bss.*)
 *rtc_wake_stub*.o(COMMON)
                0x50000000                _rtc_bss_end = ABSOLUTE (.)

.iram0.vectors  0x40080000      0x400
                0x40080000                _init_start = ABSOLUTE (.)
                0x00000000                . = 0x0
 *(.WindowVectors.text)
 .WindowVectors.text
                0x40080000      0x16a C:/msys32/home/Fernando/esp/esp-idf/examples/projetos/EX03/build/freertos\libfreertos.a(xtensa_vectors.o)
                0x40080000                _WindowOverflow4
                0x40080040                _WindowUnderflow4
                0x40080050                _xt_alloca_exc
                0x40080080                _WindowOverflow8
                0x400800c0                _WindowUnderflow8
                0x40080100                _WindowOverflow12
                0x40080140                _WindowUnderflow12
                0x00000180                . = 0x180
 *fill*         0x4008016a       0x16 
 *(.Level2InterruptVector.text)
 .Level2InterruptVector.text
                0x40080180        0x6 C:/msys32/home/Fernando/esp/esp-idf/examples/projetos/EX03/build/freertos\libfreertos.a(xtensa_vectors.o)
                0x40080180                _Level2Vector
                0x000001c0                . = 0x1c0
 *fill*         0x40080186       0x3a 
 *(.Level3InterruptVector.text)
 .Level3InterruptVector.text
                0x400801c0        0x6 C:/msys32/home/Fernando/esp/esp-idf/examples/projetos/EX03/build/freertos\libfreertos.a(xtensa_vectors.o)
                0x400801c0                _Level3Vector
                0x00000200                . = 0x200
 *fill*         0x400801c6       0x3a 
 *(.Level4InterruptVector.text)
 .Level4InterruptVector.text
                0x40080200        0x6 C:/msys32/home/Fernando/esp/esp-idf/examples/projetos/EX03/build/freertos\libfreertos.a(xtensa_vectors.o)
                0x40080200                _Level4Vector
                0x00000240                . = 0x240
 *fill*         0x40080206       0x3a 
 *(.Level5InterruptVector.text)
 .Level5InterruptVector.text
                0x40080240        0x6 C:/msys32/home/Fernando/esp/esp-idf/examples/projetos/EX03/build/freertos\libfreertos.a(xtensa_vectors.o)
                0x40080240                _Level5Vector
                0x00000280                . = 0x280
 *fill*         0x40080246       0x3a 
 *(.DebugExceptionVector.text)
 .DebugExceptionVector.text
                0x40080280        0x6 C:/msys32/home/Fernando/esp/esp-idf/examples/projetos/EX03/build/freertos\libfreertos.a(xtensa_vectors.o)
                0x40080280                _DebugExceptionVector
                0x000002c0                . = 0x2c0
 *fill*         0x40080286       0x3a 
 *(.NMIExceptionVector.text)
 .NMIExceptionVector.text
                0x400802c0        0x6 C:/msys32/home/Fernando/esp/esp-idf/examples/projetos/EX03/build/freertos\libfreertos.a(xtensa_vectors.o)
                0x400802c0                _NMIExceptionVector
                0x00000300                . = 0x300
 *fill*         0x400802c6       0x3a 
 *(.KernelExceptionVector.text)
 .KernelExceptionVector.text
                0x40080300        0x6 C:/msys32/home/Fernando/esp/esp-idf/examples/projetos/EX03/build/freertos\libfreertos.a(xtensa_vectors.o)
                0x40080300                _KernelExceptionVector
                0x00000340                . = 0x340
 *fill*         0x40080306       0x3a 
 *(.UserExceptionVector.text)
 .UserExceptionVector.text
                0x40080340        0x6 C:/msys32/home/Fernando/esp/esp-idf/examples/projetos/EX03/build/freertos\libfreertos.a(xtensa_vectors.o)
                0x40080340                _UserExceptionVector
                0x000003c0                . = 0x3c0
 *fill*         0x40080346       0x7a 
 *(.DoubleExceptionVector.text)
 .DoubleExceptionVector.text
                0x400803c0        0xf C:/msys32/home/Fernando/esp/esp-idf/examples/projetos/EX03/build/freertos\libfreertos.a(xtensa_vectors.o)
                0x400803c0                _DoubleExceptionVector
                0x00000400                . = 0x400
 *fill*         0x400803cf       0x31 
 *(.*Vector.literal)
 *(.UserEnter.literal)
 *(.UserEnter.text)
                0x40080400                . = ALIGN (0x10)
 *(.entry.text)
 *(.init.literal)
 *(.init)
                0x40080400                _init_end = ABSOLUTE (.)
                0x00000000                _iram_start = 0x0

.iram0.text     0x40080400     0x86b4
                0x40080400                _iram_text_start = ABSOLUTE (.)
 *(.iram1 .iram1.*)
 .iram1.literal
                0x40080400       0xa8 C:/msys32/home/Fernando/esp/esp-idf/examples/projetos/EX03/build/esp32\libesp32.a(cpu_start.o)
                                0x1d4 (size before relaxing)
 .iram1.literal
                0x400804a8       0x24 C:/msys32/home/Fernando/esp/esp-idf/examples/projetos/EX03/build/esp32\libesp32.a(dport_panic_highint_hdl.o)
                                 0x28 (size before relaxing)
 .iram1.literal
                0x400804cc        0x8 C:/msys32/home/Fernando/esp/esp-idf/examples/projetos/EX03/build/esp32\libesp32.a(int_wdt.o)
                                  0xc (size before relaxing)
 .iram1.literal
                0x400804d4       0x64 C:/msys32/home/Fernando/esp/esp-idf/examples/projetos/EX03/build/esp32\libesp32.a(system_api.o)
                                 0xc8 (size before relaxing)
 .iram1.literal
                0x40080538       0x24 C:/msys32/home/Fernando/esp/esp-idf/examples/projetos/EX03/build/esp32\libesp32.a(dport_access.o)
                                 0x7c (size before relaxing)
 .iram1.literal
                0x4008055c       0x20 C:/msys32/home/Fernando/esp/esp-idf/examples/projetos/EX03/build/esp32\libesp32.a(esp_timer.o)
                                 0x54 (size before relaxing)
 .iram1.literal
                0x4008057c       0x20 C:/msys32/home/Fernando/esp/esp-idf/examples/projetos/EX03/build/esp32\libesp32.a(intr_alloc.o)
                                 0x7c (size before relaxing)
 .iram1.literal
                0x4008059c       0x20 C:/msys32/home/Fernando/esp/esp-idf/examples/projetos/EX03/build/esp32\libesp32.a(ipc.o)
                                 0x34 (size before relaxing)
 .iram1.literal
                0x400805bc        0xc C:/msys32/home/Fernando/esp/esp-idf/examples/projetos/EX03/build/esp32\libesp32.a(cache_err_int.o)
                                 0x20 (size before relaxing)
 .iram1.literal
                0x400805c8        0x4 C:/msys32/home/Fernando/esp/esp-idf/examples/projetos/EX03/build/esp32\libesp32.a(freertos_hooks.o)
 .iram1.literal
                0x400805cc        0xc C:/msys32/home/Fernando/esp/esp-idf/examples/projetos/EX03/build/esp32\libesp32.a(clk.o)
                                 0x18 (size before relaxing)
 .iram1.literal
                0x400805d8       0x58 C:/msys32/home/Fernando/esp/esp-idf/examples/projetos/EX03/build/esp32\libesp32.a(esp_timer_esp32.o)
                                 0xf0 (size before relaxing)
 .iram1.literal
                0x40080630       0x1c C:/msys32/home/Fernando/esp/esp-idf/examples/projetos/EX03/build/esp32\libesp32.a(crosscore_int.o)
                                 0x40 (size before relaxing)
 .iram1.literal
                0x4008064c        0x4 C:/msys32/home/Fernando/esp/esp-idf/examples/projetos/EX03/build/freertos\libfreertos.a(port.o)
 .iram1.literal
                0x40080650       0x44 C:/msys32/home/Fernando/esp/esp-idf/examples/projetos/EX03/build/freertos\libfreertos.a(xtensa_vectors.o)
                                 0x68 (size before relaxing)
 .iram1.literal
                0x40080694       0x58 C:/msys32/home/Fernando/esp/esp-idf/examples/projetos/EX03/build/heap\libheap.a(heap_caps.o)
                                 0xb0 (size before relaxing)
 .iram1.literal
                0x400806ec       0x24 C:/msys32/home/Fernando/esp/esp-idf/examples/projetos/EX03/build/log\liblog.a(log.o)
                                 0x48 (size before relaxing)
 .iram1.literal
                0x40080710       0x14 C:/msys32/home/Fernando/esp/esp-idf/examples/projetos/EX03/build/newlib\libnewlib.a(locks.o)
                                 0x90 (size before relaxing)
 .iram1.literal
                0x40080724        0x0 C:/msys32/home/Fernando/esp/esp-idf/examples/projetos/EX03/build/newlib\libnewlib.a(syscalls.o)
                                 0x14 (size before relaxing)
 .iram1.literal
                0x40080724        0x8 C:/msys32/home/Fernando/esp/esp-idf/examples/projetos/EX03/build/newlib\libnewlib.a(reent_init.o)
                                 0x10 (size before relaxing)
 .iram1.literal
                0x4008072c        0x0 C:/msys32/home/Fernando/esp/esp-idf/examples/projetos/EX03/build/newlib\libnewlib.a(time.o)
                                 0x1c (size before relaxing)
 .iram1.literal
                0x4008072c       0x1c C:/msys32/home/Fernando/esp/esp-idf/examples/projetos/EX03/build/soc\libsoc.a(cpu_util.o)
                                 0x30 (size before relaxing)
 .iram1.literal
                0x40080748       0x38 C:/msys32/home/Fernando/esp/esp-idf/examples/projetos/EX03/build/spi_flash\libspi_flash.a(flash_ops.o)
                                 0xe4 (size before relaxing)
 .iram1.literal
                0x40080780       0x50 C:/msys32/home/Fernando/esp/esp-idf/examples/projetos/EX03/build/spi_flash\libspi_flash.a(cache_utils.o)
                                0x144 (size before relaxing)
 .iram1.literal
                0x400807d0       0x4c C:/msys32/home/Fernando/esp/esp-idf/examples/projetos/EX03/build/spi_flash\libspi_flash.a(flash_mmap.o)
                                0x108 (size before relaxing)
 .literal.prvResetNextTaskUnblockTime
                0x4008081c        0x8 C:/msys32/home/Fernando/esp/esp-idf/examples/projetos/EX03/build/freertos\libfreertos.a(tasks.o)
 .literal.prvDeleteTLS
                0x40080824       0x10 C:/msys32/home/Fernando/esp/esp-idf/examples/projetos/EX03/build/freertos\libfreertos.a(tasks.o)
                                 0x18 (size before relaxing)
 .literal.prvInitialiseNewTask
                0x40080834        0x0 C:/msys32/home/Fernando/esp/esp-idf/examples/projetos/EX03/build/freertos\libfreertos.a(tasks.o)
                                 0x18 (size before relaxing)
 .literal.prvInitialiseTaskLists
                0x40080834       0x20 C:/msys32/home/Fernando/esp/esp-idf/examples/projetos/EX03/build/freertos\libfreertos.a(tasks.o)
                                 0x40 (size before relaxing)
 .literal.prvDeleteTCB
                0x40080854        0x8 C:/msys32/home/Fernando/esp/esp-idf/examples/projetos/EX03/build/freertos\libfreertos.a(tasks.o)
                                 0x2c (size before relaxing)
 .literal.prvAddCurrentTaskToDelayedList
                0x4008085c        0x4 C:/msys32/home/Fernando/esp/esp-idf/examples/projetos/EX03/build/freertos\libfreertos.a(tasks.o)
                                 0x1c (size before relaxing)
 .literal.taskYIELD_OTHER_CORE
                0x40080860        0x0 C:/msys32/home/Fernando/esp/esp-idf/examples/projetos/EX03/build/freertos\libfreertos.a(tasks.o)
                                 0x10 (size before relaxing)
 .literal.vTaskSuspendAll
                0x40080860        0x4 C:/msys32/home/Fernando/esp/esp-idf/examples/projetos/EX03/build/freertos\libfreertos.a(tasks.o)
                                  0x8 (size before relaxing)
 .literal.xTaskGetIdleTaskHandleForCPU
                0x40080864        0xc C:/msys32/home/Fernando/esp/esp-idf/examples/projetos/EX03/build/freertos\libfreertos.a(tasks.o)
                                 0x1c (size before relaxing)
 .literal.vTaskSwitchContext
                0x40080870       0x18 C:/msys32/home/Fernando/esp/esp-idf/examples/projetos/EX03/build/freertos\libfreertos.a(tasks.o)
                                 0x3c (size before relaxing)
 .literal.vTaskSetTimeOutState
                0x40080888        0xc C:/msys32/home/Fernando/esp/esp-idf/examples/projetos/EX03/build/freertos\libfreertos.a(tasks.o)
                                 0x20 (size before relaxing)
 .literal.xTaskGetCurrentTaskHandle
                0x40080894        0x0 C:/msys32/home/Fernando/esp/esp-idf/examples/projetos/EX03/build/freertos\libfreertos.a(tasks.o)
                                  0x8 (size before relaxing)
 .literal.__getreent
                0x40080894        0x0 C:/msys32/home/Fernando/esp/esp-idf/examples/projetos/EX03/build/freertos\libfreertos.a(tasks.o)
                                  0x8 (size before relaxing)
 .literal.pcTaskGetTaskName
                0x40080894        0x8 C:/msys32/home/Fernando/esp/esp-idf/examples/projetos/EX03/build/freertos\libfreertos.a(tasks.o)
                                 0x1c (size before relaxing)
 .literal.xTaskGetAffinity
                0x4008089c        0x0 C:/msys32/home/Fernando/esp/esp-idf/examples/projetos/EX03/build/freertos\libfreertos.a(tasks.o)
                                  0x4 (size before relaxing)
 .literal.xTaskGetCurrentTaskHandleForCPU
                0x4008089c        0x0 C:/msys32/home/Fernando/esp/esp-idf/examples/projetos/EX03/build/freertos\libfreertos.a(tasks.o)
                                  0x4 (size before relaxing)
 .literal.xTaskGetSchedulerState
                0x4008089c        0x4 C:/msys32/home/Fernando/esp/esp-idf/examples/projetos/EX03/build/freertos\libfreertos.a(tasks.o)
                                  0xc (size before relaxing)
 .literal.vTaskEnterCritical
                0x400808a0       0x20 C:/msys32/home/Fernando/esp/esp-idf/examples/projetos/EX03/build/freertos\libfreertos.a(tasks.o)
                                 0x34 (size before relaxing)
 .literal.vTaskExitCritical
                0x400808c0       0x10 C:/msys32/home/Fernando/esp/esp-idf/examples/projetos/EX03/build/freertos\libfreertos.a(tasks.o)
                                 0x30 (size before relaxing)
 .literal.prvAddNewTaskToReadyList
                0x400808d0       0x10 C:/msys32/home/Fernando/esp/esp-idf/examples/projetos/EX03/build/freertos\libfreertos.a(tasks.o)
                                 0x58 (size before relaxing)
 .literal.xTaskCreatePinnedToCore
                0x400808e0        0x0 C:/msys32/home/Fernando/esp/esp-idf/examples/projetos/EX03/build/freertos\libfreertos.a(tasks.o)
                                 0x18 (size before relaxing)
 .literal.vTaskStartScheduler
                0x400808e0       0x10 C:/msys32/home/Fernando/esp/esp-idf/examples/projetos/EX03/build/freertos\libfreertos.a(tasks.o)
                                 0x38 (size before relaxing)
 .literal.vTaskDelete
                0x400808f0        0x8 C:/msys32/home/Fernando/esp/esp-idf/examples/projetos/EX03/build/freertos\libfreertos.a(tasks.o)
                                 0x60 (size before relaxing)
 .literal.vTaskDelay
                0x400808f8        0x4 C:/msys32/home/Fernando/esp/esp-idf/examples/projetos/EX03/build/freertos\libfreertos.a(tasks.o)
                                 0x38 (size before relaxing)
 .literal.prvCheckTasksWaitingTermination
                0x400808fc        0x8 C:/msys32/home/Fernando/esp/esp-idf/examples/projetos/EX03/build/freertos\libfreertos.a(tasks.o)
                                 0x30 (size before relaxing)
 .literal.prvIdleTask
                0x40080904        0x0 C:/msys32/home/Fernando/esp/esp-idf/examples/projetos/EX03/build/freertos\libfreertos.a(tasks.o)
                                  0x8 (size before relaxing)
 .literal.xTaskGetTickCount
                0x40080904        0x4 C:/msys32/home/Fernando/esp/esp-idf/examples/projetos/EX03/build/freertos\libfreertos.a(tasks.o)
                                 0x10 (size before relaxing)
 .literal.xTaskIncrementTick
                0x40080908        0xc C:/msys32/home/Fernando/esp/esp-idf/examples/projetos/EX03/build/freertos\libfreertos.a(tasks.o)
                                 0x78 (size before relaxing)
 .literal.xTaskResumeAll
                0x40080914        0x8 C:/msys32/home/Fernando/esp/esp-idf/examples/projetos/EX03/build/freertos\libfreertos.a(tasks.o)
                                 0x5c (size before relaxing)
 .literal.vTaskPlaceOnEventList
                0x4008091c        0x8 C:/msys32/home/Fernando/esp/esp-idf/examples/projetos/EX03/build/freertos\libfreertos.a(tasks.o)
                                 0x40 (size before relaxing)
 .literal.vTaskPlaceOnEventListRestricted
                0x40080924        0x8 C:/msys32/home/Fernando/esp/esp-idf/examples/projetos/EX03/build/freertos\libfreertos.a(tasks.o)
                                 0x38 (size before relaxing)
 .literal.xTaskRemoveFromEventList
                0x4008092c        0x8 C:/msys32/home/Fernando/esp/esp-idf/examples/projetos/EX03/build/freertos\libfreertos.a(tasks.o)
                                 0x58 (size before relaxing)
 .literal.xTaskCheckForTimeOut
                0x40080934        0xc C:/msys32/home/Fernando/esp/esp-idf/examples/projetos/EX03/build/freertos\libfreertos.a(tasks.o)
                                 0x3c (size before relaxing)
 .literal.vTaskPriorityInherit
                0x40080940        0x0 C:/msys32/home/Fernando/esp/esp-idf/examples/projetos/EX03/build/freertos\libfreertos.a(tasks.o)
                                 0x2c (size before relaxing)
 .literal.xTaskPriorityDisinherit
                0x40080940        0x8 C:/msys32/home/Fernando/esp/esp-idf/examples/projetos/EX03/build/freertos\libfreertos.a(tasks.o)
                                 0x40 (size before relaxing)
 .literal.pvTaskIncrementMutexHeldCount
                0x40080948        0x0 C:/msys32/home/Fernando/esp/esp-idf/examples/projetos/EX03/build/freertos\libfreertos.a(tasks.o)
                                 0x10 (size before relaxing)
 .literal.pxPortInitialiseStack
                0x40080948       0x10 C:/msys32/home/Fernando/esp/esp-idf/examples/projetos/EX03/build/freertos\libfreertos.a(port.o)
                                 0x18 (size before relaxing)
 .literal.xPortStartScheduler
                0x40080958        0x0 C:/msys32/home/Fernando/esp/esp-idf/examples/projetos/EX03/build/freertos\libfreertos.a(port.o)
                                 0x14 (size before relaxing)
 .literal.xPortSysTickHandler
                0x40080958        0x0 C:/msys32/home/Fernando/esp/esp-idf/examples/projetos/EX03/build/freertos\libfreertos.a(port.o)
                                  0x8 (size before relaxing)
 .literal.vPortYieldOtherCore
                0x40080958        0x0 C:/msys32/home/Fernando/esp/esp-idf/examples/projetos/EX03/build/freertos\libfreertos.a(port.o)
                                  0x4 (size before relaxing)
 .literal.vPortReleaseTaskMPUSettings
                0x40080958        0x0 C:/msys32/home/Fernando/esp/esp-idf/examples/projetos/EX03/build/freertos\libfreertos.a(port.o)
                                  0x4 (size before relaxing)
 .literal.xPortInIsrContext
                0x40080958        0x0 C:/msys32/home/Fernando/esp/esp-idf/examples/projetos/EX03/build/freertos\libfreertos.a(port.o)
                                  0x8 (size before relaxing)
 .literal.vPortCPUInitializeMutex
                0x40080958        0x0 C:/msys32/home/Fernando/esp/esp-idf/examples/projetos/EX03/build/freertos\libfreertos.a(port.o)
                                  0x4 (size before relaxing)
 .literal.vPortCPUAcquireMutex
                0x40080958       0x14 C:/msys32/home/Fernando/esp/esp-idf/examples/projetos/EX03/build/freertos\libfreertos.a(port.o)
                                 0x30 (size before relaxing)
 .literal.vPortCPUReleaseMutex
                0x4008096c       0x10 C:/msys32/home/Fernando/esp/esp-idf/examples/projetos/EX03/build/freertos\libfreertos.a(port.o)
                                 0x28 (size before relaxing)
 .literal._xt_tick_divisor_init
                0x4008097c        0x8 C:/msys32/home/Fernando/esp/esp-idf/examples/projetos/EX03/build/freertos\libfreertos.a(xtensa_init.o)
                                  0xc (size before relaxing)
 .literal.prvIsQueueFull
                0x40080984        0x0 C:/msys32/home/Fernando/esp/esp-idf/examples/projetos/EX03/build/freertos\libfreertos.a(queue.o)
                                  0x8 (size before relaxing)
 .literal.prvCopyDataToQueue
                0x40080984        0x0 C:/msys32/home/Fernando/esp/esp-idf/examples/projetos/EX03/build/freertos\libfreertos.a(queue.o)
                                  0xc (size before relaxing)
 .literal.prvNotifyQueueSetContainer
                0x40080984       0x14 C:/msys32/home/Fernando/esp/esp-idf/examples/projetos/EX03/build/freertos\libfreertos.a(queue.o)
                                 0x2c (size before relaxing)
 .literal.prvCopyDataFromQueue
                0x40080998        0x0 C:/msys32/home/Fernando/esp/esp-idf/examples/projetos/EX03/build/freertos\libfreertos.a(queue.o)
                                  0x4 (size before relaxing)
 .literal.xQueueGenericReset
                0x40080998        0x4 C:/msys32/home/Fernando/esp/esp-idf/examples/projetos/EX03/build/freertos\libfreertos.a(queue.o)
                                 0x30 (size before relaxing)
 .literal.prvInitialiseNewQueue
                0x4008099c        0x0 C:/msys32/home/Fernando/esp/esp-idf/examples/projetos/EX03/build/freertos\libfreertos.a(queue.o)
                                  0x4 (size before relaxing)
 .literal.xQueueGenericCreate
                0x4008099c        0x4 C:/msys32/home/Fernando/esp/esp-idf/examples/projetos/EX03/build/freertos\libfreertos.a(queue.o)
                                 0x1c (size before relaxing)
 .literal.xQueueGetMutexHolder
                0x400809a0        0x0 C:/msys32/home/Fernando/esp/esp-idf/examples/projetos/EX03/build/freertos\libfreertos.a(queue.o)
                                  0x8 (size before relaxing)
 .literal.xQueueCreateCountingSemaphore
                0x400809a0        0x4 C:/msys32/home/Fernando/esp/esp-idf/examples/projetos/EX03/build/freertos\libfreertos.a(queue.o)
                                 0x28 (size before relaxing)
 .literal.xQueueGenericSend
                0x400809a4        0x4 C:/msys32/home/Fernando/esp/esp-idf/examples/projetos/EX03/build/freertos\libfreertos.a(queue.o)
                                 0x7c (size before relaxing)
 .literal.prvInitialiseMutex
                0x400809a8        0x0 C:/msys32/home/Fernando/esp/esp-idf/examples/projetos/EX03/build/freertos\libfreertos.a(queue.o)
                                  0x8 (size before relaxing)
 .literal.xQueueCreateMutex
                0x400809a8        0x0 C:/msys32/home/Fernando/esp/esp-idf/examples/projetos/EX03/build/freertos\libfreertos.a(queue.o)
                                  0x8 (size before relaxing)
 .literal.xQueueGiveMutexRecursive
                0x400809a8        0x4 C:/msys32/home/Fernando/esp/esp-idf/examples/projetos/EX03/build/freertos\libfreertos.a(queue.o)
                                 0x1c (size before relaxing)
 .literal.xQueueGenericSendFromISR
                0x400809ac        0x4 C:/msys32/home/Fernando/esp/esp-idf/examples/projetos/EX03/build/freertos\libfreertos.a(queue.o)
                                 0x3c (size before relaxing)
 .literal.xQueueGiveFromISR
                0x400809b0        0x4 C:/msys32/home/Fernando/esp/esp-idf/examples/projetos/EX03/build/freertos\libfreertos.a(queue.o)
                                 0x30 (size before relaxing)
 .literal.xQueueGenericReceive
                0x400809b4        0x4 C:/msys32/home/Fernando/esp/esp-idf/examples/projetos/EX03/build/freertos\libfreertos.a(queue.o)
                                 0x78 (size before relaxing)
 .literal.xQueueTakeMutexRecursive
                0x400809b8        0x4 C:/msys32/home/Fernando/esp/esp-idf/examples/projetos/EX03/build/freertos\libfreertos.a(queue.o)
                                 0x1c (size before relaxing)
 .literal.xQueueReceiveFromISR
                0x400809bc        0x4 C:/msys32/home/Fernando/esp/esp-idf/examples/projetos/EX03/build/freertos\libfreertos.a(queue.o)
                                 0x30 (size before relaxing)
 .literal.vQueueDelete
                0x400809c0        0x4 C:/msys32/home/Fernando/esp/esp-idf/examples/projetos/EX03/build/freertos\libfreertos.a(queue.o)
                                 0x18 (size before relaxing)
 .literal.vQueueWaitForMessageRestricted
                0x400809c4        0x0 C:/msys32/home/Fernando/esp/esp-idf/examples/projetos/EX03/build/freertos\libfreertos.a(queue.o)
                                  0xc (size before relaxing)
 .literal.xt_unhandled_interrupt
                0x400809c4        0x4 C:/msys32/home/Fernando/esp/esp-idf/examples/projetos/EX03/build/freertos\libfreertos.a(xtensa_intr.o)
                                  0x8 (size before relaxing)
 .literal.xt_set_interrupt_handler
                0x400809c8        0x8 C:/msys32/home/Fernando/esp/esp-idf/examples/projetos/EX03/build/freertos\libfreertos.a(xtensa_intr.o)
                                  0xc (size before relaxing)
 .literal       0x400809d0        0xc C:/msys32/home/Fernando/esp/esp-idf/examples/projetos/EX03/build/freertos\libfreertos.a(portasm.o)
                                 0x54 (size before relaxing)
 .literal       0x400809dc        0x0 C:/msys32/home/Fernando/esp/esp-idf/examples/projetos/EX03/build/freertos\libfreertos.a(xtensa_context.o)
                                 0x10 (size before relaxing)
 .literal.prvGetNextExpireTime
                0x400809dc        0x4 C:/msys32/home/Fernando/esp/esp-idf/examples/projetos/EX03/build/freertos\libfreertos.a(timers.o)
 .literal.prvInsertTimerInActiveList
                0x400809e0        0x4 C:/msys32/home/Fernando/esp/esp-idf/examples/projetos/EX03/build/freertos\libfreertos.a(timers.o)
                                 0x10 (size before relaxing)
 .literal.prvCheckForValidListAndQueue
                0x400809e4       0x1c C:/msys32/home/Fernando/esp/esp-idf/examples/projetos/EX03/build/freertos\libfreertos.a(timers.o)
                                 0x44 (size before relaxing)
 .literal.xTimerCreateTimerTask
                0x40080a00       0x10 C:/msys32/home/Fernando/esp/esp-idf/examples/projetos/EX03/build/freertos\libfreertos.a(timers.o)
                                 0x2c (size before relaxing)
 .literal.xTimerGenericCommand
                0x40080a10        0x0 C:/msys32/home/Fernando/esp/esp-idf/examples/projetos/EX03/build/freertos\libfreertos.a(timers.o)
                                 0x14 (size before relaxing)
 .literal.prvSwitchTimerLists
                0x40080a10        0x4 C:/msys32/home/Fernando/esp/esp-idf/examples/projetos/EX03/build/freertos\libfreertos.a(timers.o)
                                 0x28 (size before relaxing)
 .literal.prvSampleTimeNow
                0x40080a14        0x4 C:/msys32/home/Fernando/esp/esp-idf/examples/projetos/EX03/build/freertos\libfreertos.a(timers.o)
                                  0xc (size before relaxing)
 .literal.prvProcessExpiredTimer
                0x40080a18        0x4 C:/msys32/home/Fernando/esp/esp-idf/examples/projetos/EX03/build/freertos\libfreertos.a(timers.o)
                                 0x24 (size before relaxing)
 .literal.prvProcessTimerOrBlockTask
                0x40080a1c        0x0 C:/msys32/home/Fernando/esp/esp-idf/examples/projetos/EX03/build/freertos\libfreertos.a(timers.o)
                                 0x24 (size before relaxing)
 .literal.prvProcessReceivedCommands
                0x40080a1c        0x8 C:/msys32/home/Fernando/esp/esp-idf/examples/projetos/EX03/build/freertos\libfreertos.a(timers.o)
                                 0x40 (size before relaxing)
 .literal.prvTimerTask
                0x40080a24        0x0 C:/msys32/home/Fernando/esp/esp-idf/examples/projetos/EX03/build/freertos\libfreertos.a(timers.o)
                                  0xc (size before relaxing)
 .literal.get_prev_free_block
                0x40080a24       0x10 C:/msys32/home/Fernando/esp/esp-idf/examples/projetos/EX03/build/heap\libheap.a(multi_heap.o)
                                 0x28 (size before relaxing)
 .literal.split_if_necessary
                0x40080a34        0x8 C:/msys32/home/Fernando/esp/esp-idf/examples/projetos/EX03/build/heap\libheap.a(multi_heap.o)
                                 0x38 (size before relaxing)
 .literal.assert_valid_block
                0x40080a3c        0x8 C:/msys32/home/Fernando/esp/esp-idf/examples/projetos/EX03/build/heap\libheap.a(multi_heap.o)
                                 0x2c (size before relaxing)
 .literal.merge_adjacent
                0x40080a44        0x8 C:/msys32/home/Fernando/esp/esp-idf/examples/projetos/EX03/build/heap\libheap.a(multi_heap.o)
                                 0x4c (size before relaxing)
 .literal.multi_heap_get_allocated_size_impl
                0x40080a4c        0x0 C:/msys32/home/Fernando/esp/esp-idf/examples/projetos/EX03/build/heap\libheap.a(multi_heap.o)
                                 0x10 (size before relaxing)
 .literal.multi_heap_malloc_impl
                0x40080a4c        0x0 C:/msys32/home/Fernando/esp/esp-idf/examples/projetos/EX03/build/heap\libheap.a(multi_heap.o)
                                 0x28 (size before relaxing)
 .literal.multi_heap_free_impl
                0x40080a4c        0x0 C:/msys32/home/Fernando/esp/esp-idf/examples/projetos/EX03/build/heap\libheap.a(multi_heap.o)
                                 0x50 (size before relaxing)
 .literal.multi_heap_realloc_impl
                0x40080a4c        0x8 C:/msys32/home/Fernando/esp/esp-idf/examples/projetos/EX03/build/heap\libheap.a(multi_heap.o)
                                 0x68 (size before relaxing)
 .literal.panicPutChar
                0x40080a54        0x8 C:/msys32/home/Fernando/esp/esp-idf/examples/projetos/EX03/build/esp32\libesp32.a(panic.o)
 .literal.panicPutStr
                0x40080a5c        0x0 C:/msys32/home/Fernando/esp/esp-idf/examples/projetos/EX03/build/esp32\libesp32.a(panic.o)
                                  0x4 (size before relaxing)
 .literal.panicPutHex
                0x40080a5c        0x0 C:/msys32/home/Fernando/esp/esp-idf/examples/projetos/EX03/build/esp32\libesp32.a(panic.o)
                                  0x8 (size before relaxing)
 .literal.panicPutDec
                0x40080a5c        0x4 C:/msys32/home/Fernando/esp/esp-idf/examples/projetos/EX03/build/esp32\libesp32.a(panic.o)
                                 0x10 (size before relaxing)
 .literal.reconfigureAllWdts
                0x40080a60       0x10 C:/msys32/home/Fernando/esp/esp-idf/examples/projetos/EX03/build/esp32\libesp32.a(panic.o)
                                 0x24 (size before relaxing)
 .literal.putEntry
                0x40080a70       0x10 C:/msys32/home/Fernando/esp/esp-idf/examples/projetos/EX03/build/esp32\libesp32.a(panic.o)
                                 0x20 (size before relaxing)
 .literal.doBacktrace
                0x40080a80       0x10 C:/msys32/home/Fernando/esp/esp-idf/examples/projetos/EX03/build/esp32\libesp32.a(panic.o)
                                 0x24 (size before relaxing)
 .literal.invoke_abort
                0x40080a90        0x4 C:/msys32/home/Fernando/esp/esp-idf/examples/projetos/EX03/build/esp32\libesp32.a(panic.o)
                                  0x8 (size before relaxing)
 .literal.haltOtherCore
                0x40080a94        0x0 C:/msys32/home/Fernando/esp/esp-idf/examples/projetos/EX03/build/esp32\libesp32.a(panic.o)
                                  0x4 (size before relaxing)
 .literal.esp_panic_wdt_start
                0x40080a94       0x14 C:/msys32/home/Fernando/esp/esp-idf/examples/projetos/EX03/build/esp32\libesp32.a(panic.o)
                                 0x2c (size before relaxing)
 .literal.commonErrorHandler_dump
                0x40080aa8       0x30 C:/msys32/home/Fernando/esp/esp-idf/examples/projetos/EX03/build/esp32\libesp32.a(panic.o)
                                 0x90 (size before relaxing)
 .literal.esp_panic_dig_reset
                0x40080ad8        0x0 C:/msys32/home/Fernando/esp/esp-idf/examples/projetos/EX03/build/esp32\libesp32.a(panic.o)
                                 0x14 (size before relaxing)
 .literal.abort
                0x40080ad8        0x8 C:/msys32/home/Fernando/esp/esp-idf/examples/projetos/EX03/build/esp32\libesp32.a(panic.o)
                                 0x10 (size before relaxing)
 .literal.vApplicationStackOverflowHook
                0x40080ae0        0x8 C:/msys32/home/Fernando/esp/esp-idf/examples/projetos/EX03/build/esp32\libesp32.a(panic.o)
                                 0x18 (size before relaxing)
 .literal.esp_panic_wdt_stop
                0x40080ae8        0x0 C:/msys32/home/Fernando/esp/esp-idf/examples/projetos/EX03/build/esp32\libesp32.a(panic.o)
                                 0x18 (size before relaxing)
 .literal.commonErrorHandler
                0x40080ae8        0x4 C:/msys32/home/Fernando/esp/esp-idf/examples/projetos/EX03/build/esp32\libesp32.a(panic.o)
                                 0x28 (size before relaxing)
 .literal.panicHandler
                0x40080aec       0x34 C:/msys32/home/Fernando/esp/esp-idf/examples/projetos/EX03/build/esp32\libesp32.a(panic.o)
                                 0xa4 (size before relaxing)
 .literal.xt_unhandled_exception
                0x40080b20       0x14 C:/msys32/home/Fernando/esp/esp-idf/examples/projetos/EX03/build/esp32\libesp32.a(panic.o)
                                 0x60 (size before relaxing)
 .literal._esp_error_check_failed
                0x40080b34        0xc C:/msys32/home/Fernando/esp/esp-idf/examples/projetos/EX03/build/esp32\libesp32.a(panic.o)
                                 0x1c (size before relaxing)
 .literal.rtc_clk_32k_enable_internal
                0x40080b40       0x14 C:/msys32/home/Fernando/esp/esp-idf/examples/projetos/EX03/build/soc\libsoc.a(rtc_clk.o)
 .literal.rtc_clk_32k_enable
                0x40080b54        0x4 C:/msys32/home/Fernando/esp/esp-idf/examples/projetos/EX03/build/soc\libsoc.a(rtc_clk.o)
                                  0xc (size before relaxing)
 .literal.rtc_clk_32k_bootstrap
                0x40080b58        0xc C:/msys32/home/Fernando/esp/esp-idf/examples/projetos/EX03/build/soc\libsoc.a(rtc_clk.o)
                                 0x34 (size before relaxing)
 .literal.rtc_clk_slow_freq_set
                0x40080b64        0x4 C:/msys32/home/Fernando/esp/esp-idf/examples/projetos/EX03/build/soc\libsoc.a(rtc_clk.o)
                                  0xc (size before relaxing)
 .literal.rtc_clk_slow_freq_get
                0x40080b68        0x0 C:/msys32/home/Fernando/esp/esp-idf/examples/projetos/EX03/build/soc\libsoc.a(rtc_clk.o)
                                  0x4 (size before relaxing)
 .literal.rtc_clk_slow_freq_get_hz
                0x40080b68        0xc C:/msys32/home/Fernando/esp/esp-idf/examples/projetos/EX03/build/soc\libsoc.a(rtc_clk.o)
                                 0x10 (size before relaxing)
 .literal.rtc_clk_fast_freq_set
                0x40080b74        0x4 C:/msys32/home/Fernando/esp/esp-idf/examples/projetos/EX03/build/soc\libsoc.a(rtc_clk.o)
                                  0xc (size before relaxing)
 .literal.rtc_clk_bbpll_set
                0x40080b78        0xc C:/msys32/home/Fernando/esp/esp-idf/examples/projetos/EX03/build/soc\libsoc.a(rtc_clk.o)
                                 0x38 (size before relaxing)
 .literal.rtc_clk_xtal_freq_get
                0x40080b84        0xc C:/msys32/home/Fernando/esp/esp-idf/examples/projetos/EX03/build/soc\libsoc.a(rtc_clk.o)
                                 0x1c (size before relaxing)
 .literal.rtc_clk_cpu_freq_get
                0x40080b90       0x14 C:/msys32/home/Fernando/esp/esp-idf/examples/projetos/EX03/build/soc\libsoc.a(rtc_clk.o)
                                 0x30 (size before relaxing)
 .literal.rtc_clk_cpu_freq_value
                0x40080ba4       0x1c C:/msys32/home/Fernando/esp/esp-idf/examples/projetos/EX03/build/soc\libsoc.a(rtc_clk.o)
                                 0x2c (size before relaxing)
 .literal.rtc_clk_apb_freq_update
                0x40080bc0        0x4 C:/msys32/home/Fernando/esp/esp-idf/examples/projetos/EX03/build/soc\libsoc.a(rtc_clk.o)
                                  0x8 (size before relaxing)
 .literal.rtc_clk_cpu_freq_set
                0x40080bc4       0x1c C:/msys32/home/Fernando/esp/esp-idf/examples/projetos/EX03/build/soc\libsoc.a(rtc_clk.o)
                                 0x98 (size before relaxing)
 .literal.rtc_clk_apb_freq_get
                0x40080be0        0x8 C:/msys32/home/Fernando/esp/esp-idf/examples/projetos/EX03/build/soc\libsoc.a(rtc_clk.o)
                                 0x14 (size before relaxing)
 .literal.rtc_clk_cal_internal
                0x40080be8       0x14 C:/msys32/home/Fernando/esp/esp-idf/examples/projetos/EX03/build/soc\libsoc.a(rtc_time.o)
                                 0x3c (size before relaxing)
 .literal.rtc_clk_cal
                0x40080bfc        0x0 C:/msys32/home/Fernando/esp/esp-idf/examples/projetos/EX03/build/soc\libsoc.a(rtc_time.o)
                                  0xc (size before relaxing)
 .literal.rtc_time_get
                0x40080bfc       0x10 C:/msys32/home/Fernando/esp/esp-idf/examples/projetos/EX03/build/soc\libsoc.a(rtc_time.o)
                                 0x18 (size before relaxing)
 .literal.rtc_clk_wait_for_slow_cycle
                0x40080c0c        0x8 C:/msys32/home/Fernando/esp/esp-idf/examples/projetos/EX03/build/soc\libsoc.a(rtc_time.o)
                                 0x20 (size before relaxing)
 .literal.rtc_init
                0x40080c14       0x7c C:/msys32/home/Fernando/esp/esp-idf/examples/projetos/EX03/build/soc\libsoc.a(rtc_init.o)
                                0x100 (size before relaxing)
 .literal       0x40080c90        0x0 C:/msys32/home/Fernando/esp/esp-idf/components/esp32/libhal.a(windowspill_asm.o)
                                  0x4 (size before relaxing)
 .literal.esp_rom_spiflash_read_status
                0x40080c90       0x10 C:/msys32/home/Fernando/esp/esp-idf/examples/projetos/EX03/build/spi_flash\libspi_flash.a(spi_flash_rom_patch.o)
                                 0x14 (size before relaxing)
 .literal.esp_rom_spiflash_wait_idle
                0x40080ca0        0x8 C:/msys32/home/Fernando/esp/esp-idf/examples/projetos/EX03/build/spi_flash\libspi_flash.a(spi_flash_rom_patch.o)
                                  0xc (size before relaxing)
 .literal.esp_rom_spiflash_erase_block_internal
                0x40080ca8        0x4 C:/msys32/home/Fernando/esp/esp-idf/examples/projetos/EX03/build/spi_flash\libspi_flash.a(spi_flash_rom_patch.o)
                                 0x18 (size before relaxing)
 .literal.esp_rom_spiflash_erase_sector_internal
                0x40080cac        0x0 C:/msys32/home/Fernando/esp/esp-idf/examples/projetos/EX03/build/spi_flash\libspi_flash.a(spi_flash_rom_patch.o)
                                 0x18 (size before relaxing)
 .literal.esp_rom_spiflash_read_data
                0x40080cac       0x18 C:/msys32/home/Fernando/esp/esp-idf/examples/projetos/EX03/build/spi_flash\libspi_flash.a(spi_flash_rom_patch.o)
                                 0x34 (size before relaxing)
 .literal.esp_rom_spiflash_enable_write
                0x40080cc4        0x0 C:/msys32/home/Fernando/esp/esp-idf/examples/projetos/EX03/build/spi_flash\libspi_flash.a(spi_flash_rom_patch.o)
                                 0x10 (size before relaxing)
 .literal.esp_rom_spiflash_program_page_internal
                0x40080cc4       0x10 C:/msys32/home/Fernando/esp/esp-idf/examples/projetos/EX03/build/spi_flash\libspi_flash.a(spi_flash_rom_patch.o)
                                 0x40 (size before relaxing)
 .literal.esp_rom_spiflash_read_statushigh
                0x40080cd4        0x4 C:/msys32/home/Fernando/esp/esp-idf/examples/projetos/EX03/build/spi_flash\libspi_flash.a(spi_flash_rom_patch.o)
                                  0xc (size before relaxing)
 .literal.esp_rom_spiflash_write_status
                0x40080cd8        0x4 C:/msys32/home/Fernando/esp/esp-idf/examples/projetos/EX03/build/spi_flash\libspi_flash.a(spi_flash_rom_patch.o)
                                 0x14 (size before relaxing)
 .literal.esp_rom_spiflash_unlock
                0x40080cdc        0x8 C:/msys32/home/Fernando/esp/esp-idf/examples/projetos/EX03/build/spi_flash\libspi_flash.a(spi_flash_rom_patch.o)
                                 0x28 (size before relaxing)
 .literal.esp_rom_spiflash_erase_block
                0x40080ce4        0xc C:/msys32/home/Fernando/esp/esp-idf/examples/projetos/EX03/build/spi_flash\libspi_flash.a(spi_flash_rom_patch.o)
                                 0x20 (size before relaxing)
 .literal.esp_rom_spiflash_erase_sector
                0x40080cf0        0x0 C:/msys32/home/Fernando/esp/esp-idf/examples/projetos/EX03/build/spi_flash\libspi_flash.a(spi_flash_rom_patch.o)
                                 0x20 (size before relaxing)
 .literal.esp_rom_spiflash_write
                0x40080cf0        0x0 C:/msys32/home/Fernando/esp/esp-idf/examples/projetos/EX03/build/spi_flash\libspi_flash.a(spi_flash_rom_patch.o)
                                 0x28 (size before relaxing)
 .literal.esp_rom_spiflash_write_encrypted
                0x40080cf0        0xc C:/msys32/home/Fernando/esp/esp-idf/examples/projetos/EX03/build/spi_flash\libspi_flash.a(spi_flash_rom_patch.o)
                                 0x10 (size before relaxing)
 .literal.esp_rom_spiflash_read
                0x40080cfc       0x30 C:/msys32/home/Fernando/esp/esp-idf/examples/projetos/EX03/build/spi_flash\libspi_flash.a(spi_flash_rom_patch.o)
                                 0x5c (size before relaxing)
 .literal       0x40080d2c       0x10 C:/msys32/home/Fernando/esp/esp-idf/components/newlib/lib/libm.a(lib_a-s_fpclassify.o)
                                 0x18 (size before relaxing)
 .iram1         0x40080d3c      0x29e C:/msys32/home/Fernando/esp/esp-idf/examples/projetos/EX03/build/esp32\libesp32.a(cpu_start.o)
                                0x35e (size before relaxing)
                0x40080d3c                start_cpu0_default
                0x40080d3c                start_cpu0
                0x40080e0c                start_cpu1
                0x40080e0c                start_cpu1_default
                0x40080e88                call_start_cpu0
 *fill*         0x40080fda        0x2 
 .iram1         0x40080fdc       0xda C:/msys32/home/Fernando/esp/esp-idf/examples/projetos/EX03/build/esp32\libesp32.a(dport_panic_highint_hdl.o)
                0x40080fdc                xt_highint4
                0x400810b6                ld_include_panic_highint_hdl
 *fill*         0x400810b6        0x2 
 .iram1         0x400810b8       0x53 C:/msys32/home/Fernando/esp/esp-idf/examples/projetos/EX03/build/esp32\libesp32.a(int_wdt.o)
 *fill*         0x4008110b        0x1 
 .iram1         0x4008110c      0x1ed C:/msys32/home/Fernando/esp/esp-idf/examples/projetos/EX03/build/esp32\libesp32.a(system_api.o)
                                0x22c (size before relaxing)
                0x40081184                esp_restart_noos
                0x400812d8                system_restart
                0x400812d8                esp_restart
 *fill*         0x400812f9        0x3 
 .iram1         0x400812fc      0x197 C:/msys32/home/Fernando/esp/esp-idf/examples/projetos/EX03/build/esp32\libesp32.a(dport_access.o)
                                0x1a3 (size before relaxing)
                0x400812fc                esp_dport_access_stall_other_cpu_start
                0x400813ac                esp_dport_access_stall_other_cpu_end
                0x40081428                esp_dport_access_stall_other_cpu_start_wrap
                0x40081430                esp_dport_access_stall_other_cpu_end_wrap
                0x40081438                esp_dport_access_int_pause
                0x4008145c                esp_dport_access_int_abort
                0x40081470                esp_dport_access_int_resume
 *fill*         0x40081493        0x1 
 .iram1         0x40081494      0x1e5 C:/msys32/home/Fernando/esp/esp-idf/examples/projetos/EX03/build/esp32\libesp32.a(esp_timer.o)
                                0x1fd (size before relaxing)
                0x400815b0                esp_timer_stop
                0x400815d4                esp_timer_get_time
                0x400815e4                esp_timer_start_once
                0x40081628                esp_timer_start_periodic
 *fill*         0x40081679        0x3 
 .iram1         0x4008167c      0x2b6 C:/msys32/home/Fernando/esp/esp-idf/examples/projetos/EX03/build/esp32\libesp32.a(intr_alloc.o)
                                0x2ce (size before relaxing)
                0x400816b8                esp_intr_set_in_iram
                0x40081740                esp_intr_enable
                0x400817c8                esp_intr_disable
                0x40081890                esp_intr_noniram_disable
                0x400818dc                esp_intr_noniram_enable
                0x4008191c                ets_isr_unmask
                0x40081928                ets_isr_mask
 *fill*         0x40081932        0x2 
 .iram1         0x40081934       0x7f C:/msys32/home/Fernando/esp/esp-idf/examples/projetos/EX03/build/esp32\libesp32.a(ipc.o)
                                 0x8b (size before relaxing)
 *fill*         0x400819b3        0x1 
 .iram1         0x400819b4       0x3a C:/msys32/home/Fernando/esp/esp-idf/examples/projetos/EX03/build/esp32\libesp32.a(cache_err_int.o)
                                 0x4a (size before relaxing)
                0x400819b4                esp_cache_err_get_cpuid
 *fill*         0x400819ee        0x2 
 .iram1         0x400819f0       0x27 C:/msys32/home/Fernando/esp/esp-idf/examples/projetos/EX03/build/esp32\libesp32.a(freertos_hooks.o)
                0x400819f0                esp_vApplicationTickHook
 *fill*         0x40081a17        0x1 
 .iram1         0x40081a18       0x37 C:/msys32/home/Fernando/esp/esp-idf/examples/projetos/EX03/build/esp32\libesp32.a(clk.o)
                0x40081a18                esp_clk_cpu_freq
                0x40081a28                esp_clk_apb_freq
                0x40081a40                ets_update_cpu_frequency
 *fill*         0x40081a4f        0x1 
 .iram1         0x40081a50      0x567 C:/msys32/home/Fernando/esp/esp-idf/examples/projetos/EX03/build/esp32\libesp32.a(esp_timer_esp32.o)
                                0x577 (size before relaxing)
                0x40081b74                esp_timer_impl_get_time
                0x40081ce4                esp_timer_impl_set_alarm
                0x40081ee8                esp_timer_impl_update_apb_freq
                0x40081fac                esp_timer_impl_get_min_period_us
 *fill*         0x40081fb7        0x1 
 .iram1         0x40081fb8       0xb0 C:/msys32/home/Fernando/esp/esp-idf/examples/projetos/EX03/build/esp32\libesp32.a(crosscore_int.o)
                                 0xc0 (size before relaxing)
                0x40082050                esp_crosscore_int_send_yield
                0x4008205c                esp_crosscore_int_send_freq_switch
 .iram1         0x40082068       0x1a C:/msys32/home/Fernando/esp/esp-idf/examples/projetos/EX03/build/freertos\libfreertos.a(port.o)
                0x40082068                xPortInterruptedFromISRContext
 *fill*         0x40082082        0x2 
 .iram1         0x40082084      0x4b4 C:/msys32/home/Fernando/esp/esp-idf/examples/projetos/EX03/build/freertos\libfreertos.a(xtensa_vectors.o)
                0x40082084                _xt_panic
                0x4008219c                _xt_user_exit
                0x40082488                _xt_medint2_exit
                0x40082524                _xt_medint3_exit
 .iram1         0x40082538      0x3dd C:/msys32/home/Fernando/esp/esp-idf/examples/projetos/EX03/build/heap\libheap.a(heap_caps.o)
                                0x3f5 (size before relaxing)
                0x400825c8                heap_caps_malloc
                0x40082664                heap_caps_malloc_default
                0x400826a8                heap_caps_malloc_prefer
                0x40082700                heap_caps_free
                0x40082738                heap_caps_realloc
                0x400827e4                heap_caps_realloc_default
                0x4008283c                heap_caps_realloc_prefer
                0x400828a0                heap_caps_calloc
                0x400828c0                heap_caps_calloc_prefer
 *fill*         0x40082915        0x3 
 .iram1         0x40082918      0x18a C:/msys32/home/Fernando/esp/esp-idf/examples/projetos/EX03/build/log\liblog.a(log.o)
                                0x19a (size before relaxing)
                0x40082918                esp_log_write
                0x40082a48                esp_log_early_timestamp
                0x40082a64                esp_log_timestamp
 *fill*         0x40082aa2        0x2 
 .iram1         0x40082aa4      0x1cc C:/msys32/home/Fernando/esp/esp-idf/examples/projetos/EX03/build/newlib\libnewlib.a(locks.o)
                                0x210 (size before relaxing)
                0x40082bbc                _lock_init
                0x40082bcc                _lock_init_recursive
                0x40082bdc                _lock_close
                0x40082c18                _lock_acquire
                0x40082c28                _lock_acquire_recursive
                0x40082c38                _lock_try_acquire
                0x40082c48                _lock_try_acquire_recursive
                0x40082c58                _lock_release
                0x40082c64                _lock_release_recursive
 .iram1         0x40082c70       0x4a C:/msys32/home/Fernando/esp/esp-idf/examples/projetos/EX03/build/newlib\libnewlib.a(syscalls.o)
                                 0x52 (size before relaxing)
                0x40082c70                _malloc_r
                0x40082c7c                _free_r
                0x40082c88                _realloc_r
                0x40082c9c                _calloc_r
 *fill*         0x40082cba        0x2 
 .iram1         0x40082cbc       0x3c C:/msys32/home/Fernando/esp/esp-idf/examples/projetos/EX03/build/newlib\libnewlib.a(reent_init.o)
                0x40082cbc                esp_reent_init
 .iram1         0x40082cf8       0x6c C:/msys32/home/Fernando/esp/esp-idf/examples/projetos/EX03/build/newlib\libnewlib.a(time.o)
                                 0x74 (size before relaxing)
                0x40082cf8                _gettimeofday_r
                0x40082d3c                _times_r
 .iram1         0x40082d64      0x11a C:/msys32/home/Fernando/esp/esp-idf/examples/projetos/EX03/build/soc\libsoc.a(cpu_util.o)
                0x40082d64                esp_cpu_stall
                0x40082df8                esp_cpu_unstall
                0x40082e4c                esp_cpu_reset
                0x40082e70                esp_cpu_in_ocd_debug_mode
 *fill*         0x40082e7e        0x2 
 .iram1         0x40082e80      0x722 C:/msys32/home/Fernando/esp/esp-idf/examples/projetos/EX03/build/spi_flash\libspi_flash.a(flash_ops.o)
                                0x74a (size before relaxing)
                0x40082ef0                spi_flash_guard_set
                0x40082efc                spi_flash_guard_get
                0x40082f08                spi_flash_get_chip_size
                0x40082f14                spi_flash_erase_range
                0x40082fcc                spi_flash_erase_sector
                0x40082ff0                spi_flash_write
                0x400831b8                spi_flash_read
                0x40083450                spi_flash_read_encrypted
                0x40083498                spi_flash_write_encrypted
 *fill*         0x400835a2        0x2 
 .iram1         0x400835a4      0x334 C:/msys32/home/Fernando/esp/esp-idf/examples/projetos/EX03/build/spi_flash\libspi_flash.a(cache_utils.o)
                                0x39c (size before relaxing)
                0x40083620                spi_flash_op_block_func
                0x400836f8                spi_flash_disable_interrupts_caches_and_other_cpu
                0x400837c4                spi_flash_enable_interrupts_caches_and_other_cpu
                0x4008385c                spi_flash_disable_interrupts_caches_and_other_cpu_no_os
                0x40083888                spi_flash_enable_interrupts_caches_no_os
                0x400838a4                spi_flash_cache_enabled
 .iram1         0x400838d8      0x480 C:/msys32/home/Fernando/esp/esp-idf/examples/projetos/EX03/build/spi_flash\libspi_flash.a(flash_mmap.o)
                                0x4b0 (size before relaxing)
                0x400839dc                spi_flash_mmap_pages
                0x40083bf8                spi_flash_mmap
                0x40083c64                spi_flash_munmap
                0x40083d10                spi_flash_mark_modified_region
 *fill*         0x40083d58        0x0 
 *fill*         0x40083d58        0x0 
 *fill*         0x40083d58        0x0 
 *fill*         0x40083d58        0x0 
 *fill*         0x40083d58        0x0 
 *fill*         0x40083d58        0x0 
 *fill*         0x40083d58        0x0 
 *fill*         0x40083d58        0x0 
 *fill*         0x40083d58        0x0 
 *fill*         0x40083d58        0x0 
 *fill*         0x40083d58        0x0 
 *fill*         0x40083d58        0x0 
 .iram1         0x40083d58       0x2e C:/msys32/home/Fernando/esp/esp-idf/examples/projetos/EX03/build/freertos\libfreertos.a(xtensa_vector_defaults.o)
                0x40083d58                xt_debugexception
                0x40083d78                xt_highint5
                0x40083d80                xt_nmi
                0x40083d80                _xt_nmi
 *fill*         0x40083d86        0x0 
 *fill*         0x40083d86        0x0 
 *fill*         0x40083d86        0x0 
 *fill*         0x40083d86        0x0 
 *fill*         0x40083d86        0x0 
 *fill*         0x40083d86        0x0 
 *libfreertos.a:(.literal .text .literal.* .text.*)
 *fill*         0x40083d86        0x2 
 .text.prvResetNextTaskUnblockTime
                0x40083d88       0x34 C:/msys32/home/Fernando/esp/esp-idf/examples/projetos/EX03/build/freertos\libfreertos.a(tasks.o)
 .text.prvDeleteTLS
                0x40083dbc       0x40 C:/msys32/home/Fernando/esp/esp-idf/examples/projetos/EX03/build/freertos\libfreertos.a(tasks.o)
 .text.prvInitialiseNewTask
                0x40083dfc       0xc4 C:/msys32/home/Fernando/esp/esp-idf/examples/projetos/EX03/build/freertos\libfreertos.a(tasks.o)
                                 0xd0 (size before relaxing)
 .text.prvInitialiseTaskLists
                0x40083ec0       0x5a C:/msys32/home/Fernando/esp/esp-idf/examples/projetos/EX03/build/freertos\libfreertos.a(tasks.o)
                                 0x6e (size before relaxing)
 *fill*         0x40083f1a        0x2 
 .text.prvDeleteTCB
                0x40083f1c       0x56 C:/msys32/home/Fernando/esp/esp-idf/examples/projetos/EX03/build/freertos\libfreertos.a(tasks.o)
                                 0x5d (size before relaxing)
 *fill*         0x40083f72        0x2 
 .text.prvAddCurrentTaskToDelayedList
                0x40083f74       0x66 C:/msys32/home/Fernando/esp/esp-idf/examples/projetos/EX03/build/freertos\libfreertos.a(tasks.o)
                                 0x6a (size before relaxing)
 *fill*         0x40083fda        0x2 
 .text.taskYIELD_OTHER_CORE
                0x40083fdc       0x53 C:/msys32/home/Fernando/esp/esp-idf/examples/projetos/EX03/build/freertos\libfreertos.a(tasks.o)
                0x40083fdc                taskYIELD_OTHER_CORE
 *fill*         0x4008402f        0x1 
 .text.vTaskSuspendAll
                0x40084030       0x26 C:/msys32/home/Fernando/esp/esp-idf/examples/projetos/EX03/build/freertos\libfreertos.a(tasks.o)
                0x40084030                vTaskSuspendAll
 *fill*         0x40084056        0x2 
 .text.xTaskGetIdleTaskHandleForCPU
                0x40084058       0x2a C:/msys32/home/Fernando/esp/esp-idf/examples/projetos/EX03/build/freertos\libfreertos.a(tasks.o)
                                 0x2e (size before relaxing)
                0x40084058                xTaskGetIdleTaskHandleForCPU
 *fill*         0x40084082        0x2 
 .text.vTaskSwitchContext
                0x40084084      0x27e C:/msys32/home/Fernando/esp/esp-idf/examples/projetos/EX03/build/freertos\libfreertos.a(tasks.o)
                                0x28a (size before relaxing)
                0x40084084                vTaskSwitchContext
 *fill*         0x40084302        0x2 
 .text.vTaskSetTimeOutState
                0x40084304       0x34 C:/msys32/home/Fernando/esp/esp-idf/examples/projetos/EX03/build/freertos\libfreertos.a(tasks.o)
                0x40084304                vTaskSetTimeOutState
 .text.xTaskGetCurrentTaskHandle
                0x40084338       0x1f C:/msys32/home/Fernando/esp/esp-idf/examples/projetos/EX03/build/freertos\libfreertos.a(tasks.o)
                0x40084338                xTaskGetCurrentTaskHandle
 *fill*         0x40084357        0x1 
 .text.__getreent
                0x40084358       0x19 C:/msys32/home/Fernando/esp/esp-idf/examples/projetos/EX03/build/freertos\libfreertos.a(tasks.o)
                0x40084358                __getreent
 *fill*         0x40084371        0x3 
 .text.pcTaskGetTaskName
                0x40084374       0x2a C:/msys32/home/Fernando/esp/esp-idf/examples/projetos/EX03/build/freertos\libfreertos.a(tasks.o)
                                 0x2d (size before relaxing)
                0x40084374                pcTaskGetTaskName
 *fill*         0x4008439e        0x2 
 .text.xTaskGetAffinity
                0x400843a0       0x10 C:/msys32/home/Fernando/esp/esp-idf/examples/projetos/EX03/build/freertos\libfreertos.a(tasks.o)
                                 0x13 (size before relaxing)
                0x400843a0                xTaskGetAffinity
 *fill*         0x400843b0        0x0 
 .text.xTaskGetCurrentTaskHandleForCPU
                0x400843b0       0x18 C:/msys32/home/Fernando/esp/esp-idf/examples/projetos/EX03/build/freertos\libfreertos.a(tasks.o)
                0x400843b0                xTaskGetCurrentTaskHandleForCPU
 .text.xTaskGetSchedulerState
                0x400843c8       0x37 C:/msys32/home/Fernando/esp/esp-idf/examples/projetos/EX03/build/freertos\libfreertos.a(tasks.o)
                0x400843c8                xTaskGetSchedulerState
 *fill*         0x400843ff        0x1 
 .text.vTaskEnterCritical
                0x40084400       0xac C:/msys32/home/Fernando/esp/esp-idf/examples/projetos/EX03/build/freertos\libfreertos.a(tasks.o)
                                 0xb3 (size before relaxing)
                0x40084400                vTaskEnterCritical
 *fill*         0x400844ac        0x0 
 .text.vTaskExitCritical
                0x400844ac       0x83 C:/msys32/home/Fernando/esp/esp-idf/examples/projetos/EX03/build/freertos\libfreertos.a(tasks.o)
                                 0x8a (size before relaxing)
                0x400844ac                vTaskExitCritical
 *fill*         0x4008452f        0x1 
 .text.prvAddNewTaskToReadyList
                0x40084530      0x15c C:/msys32/home/Fernando/esp/esp-idf/examples/projetos/EX03/build/freertos\libfreertos.a(tasks.o)
                                0x173 (size before relaxing)
 *fill*         0x4008468c        0x0 
 .text.xTaskCreatePinnedToCore
                0x4008468c       0x6e C:/msys32/home/Fernando/esp/esp-idf/examples/projetos/EX03/build/freertos\libfreertos.a(tasks.o)
                                 0x76 (size before relaxing)
                0x4008468c                xTaskCreatePinnedToCore
 *fill*         0x400846fa        0x2 
 .text.vTaskStartScheduler
                0x400846fc       0x67 C:/msys32/home/Fernando/esp/esp-idf/examples/projetos/EX03/build/freertos\libfreertos.a(tasks.o)
                                 0x72 (size before relaxing)
                0x400846fc                vTaskStartScheduler
 *fill*         0x40084763        0x1 
 .text.vTaskDelete
                0x40084764      0x10a C:/msys32/home/Fernando/esp/esp-idf/examples/projetos/EX03/build/freertos\libfreertos.a(tasks.o)
                                0x122 (size before relaxing)
                0x40084764                vTaskDelete
 *fill*         0x4008486e        0x2 
 .text.vTaskDelay
                0x40084870       0x70 C:/msys32/home/Fernando/esp/esp-idf/examples/projetos/EX03/build/freertos\libfreertos.a(tasks.o)
                                 0x80 (size before relaxing)
                0x40084870                vTaskDelay
 .text.prvCheckTasksWaitingTermination
                0x400848e0       0xbe C:/msys32/home/Fernando/esp/esp-idf/examples/projetos/EX03/build/freertos\libfreertos.a(tasks.o)
                                 0xc6 (size before relaxing)
 *fill*         0x4008499e        0x2 
 .text.prvIdleTask
                0x400849a0        0xc C:/msys32/home/Fernando/esp/esp-idf/examples/projetos/EX03/build/freertos\libfreertos.a(tasks.o)
                                 0x12 (size before relaxing)
 *fill*         0x400849ac        0x0 
 .text.xTaskGetTickCount
                0x400849ac       0x1c C:/msys32/home/Fernando/esp/esp-idf/examples/projetos/EX03/build/freertos\libfreertos.a(tasks.o)
                                 0x20 (size before relaxing)
                0x400849ac                xTaskGetTickCount
 .text.xTaskIncrementTick
                0x400849c8      0x1b2 C:/msys32/home/Fernando/esp/esp-idf/examples/projetos/EX03/build/freertos\libfreertos.a(tasks.o)
                                0x1ce (size before relaxing)
                0x400849c8                xTaskIncrementTick
 *fill*         0x40084b7a        0x2 
 .text.xTaskResumeAll
                0x40084b7c      0x173 C:/msys32/home/Fernando/esp/esp-idf/examples/projetos/EX03/build/freertos\libfreertos.a(tasks.o)
                                0x186 (size before relaxing)
                0x40084b7c                xTaskResumeAll
 *fill*         0x40084cef        0x1 
 .text.vTaskPlaceOnEventList
                0x40084cf0       0x83 C:/msys32/home/Fernando/esp/esp-idf/examples/projetos/EX03/build/freertos\libfreertos.a(tasks.o)
                                 0x97 (size before relaxing)
                0x40084cf0                vTaskPlaceOnEventList
 *fill*         0x40084d73        0x1 
 .text.vTaskPlaceOnEventListRestricted
                0x40084d74       0x5b C:/msys32/home/Fernando/esp/esp-idf/examples/projetos/EX03/build/freertos\libfreertos.a(tasks.o)
                                 0x6f (size before relaxing)
                0x40084d74                vTaskPlaceOnEventListRestricted
 *fill*         0x40084dcf        0x1 
 .text.xTaskRemoveFromEventList
                0x40084dd0      0x134 C:/msys32/home/Fernando/esp/esp-idf/examples/projetos/EX03/build/freertos\libfreertos.a(tasks.o)
                                0x143 (size before relaxing)
                0x40084dd0                xTaskRemoveFromEventList
 *fill*         0x40084f04        0x0 
 .text.xTaskCheckForTimeOut
                0x40084f04       0x8b C:/msys32/home/Fernando/esp/esp-idf/examples/projetos/EX03/build/freertos\libfreertos.a(tasks.o)
                                 0x96 (size before relaxing)
                0x40084f04                xTaskCheckForTimeOut
 *fill*         0x40084f8f        0x1 
 .text.vTaskPriorityInherit
                0x40084f90       0xc4 C:/msys32/home/Fernando/esp/esp-idf/examples/projetos/EX03/build/freertos\libfreertos.a(tasks.o)
                                 0xdb (size before relaxing)
                0x40084f90                vTaskPriorityInherit
 *fill*         0x40085054        0x0 
 .text.xTaskPriorityDisinherit
                0x40085054       0x97 C:/msys32/home/Fernando/esp/esp-idf/examples/projetos/EX03/build/freertos\libfreertos.a(tasks.o)
                                 0xaa (size before relaxing)
                0x40085054                xTaskPriorityDisinherit
 *fill*         0x400850eb        0x1 
 .text.pvTaskIncrementMutexHeldCount
                0x400850ec       0x50 C:/msys32/home/Fernando/esp/esp-idf/examples/projetos/EX03/build/freertos\libfreertos.a(tasks.o)
                                 0x54 (size before relaxing)
                0x400850ec                pvTaskIncrementMutexHeldCount
 .text.pxPortInitialiseStack
                0x4008513c       0x86 C:/msys32/home/Fernando/esp/esp-idf/examples/projetos/EX03/build/freertos\libfreertos.a(port.o)
                0x4008513c                pxPortInitialiseStack
 *fill*         0x400851c2        0x2 
 .text.xPortStartScheduler
                0x400851c4       0x22 C:/msys32/home/Fernando/esp/esp-idf/examples/projetos/EX03/build/freertos\libfreertos.a(port.o)
                                 0x2e (size before relaxing)
                0x400851c4                xPortStartScheduler
 *fill*         0x400851e6        0x2 
 .text.xPortSysTickHandler
                0x400851e8       0x10 C:/msys32/home/Fernando/esp/esp-idf/examples/projetos/EX03/build/freertos\libfreertos.a(port.o)
                                 0x16 (size before relaxing)
                0x400851e8                xPortSysTickHandler
 *fill*         0x400851f8        0x0 
 .text.vPortYieldOtherCore
                0x400851f8        0xa C:/msys32/home/Fernando/esp/esp-idf/examples/projetos/EX03/build/freertos\libfreertos.a(port.o)
                                  0xe (size before relaxing)
                0x400851f8                vPortYieldOtherCore
 *fill*         0x40085202        0x2 
 .text.vPortReleaseTaskMPUSettings
                0x40085204        0xa C:/msys32/home/Fernando/esp/esp-idf/examples/projetos/EX03/build/freertos\libfreertos.a(port.o)
                                  0xe (size before relaxing)
                0x40085204                vPortReleaseTaskMPUSettings
 *fill*         0x4008520e        0x2 
 .text.xPortInIsrContext
                0x40085210       0x26 C:/msys32/home/Fernando/esp/esp-idf/examples/projetos/EX03/build/freertos\libfreertos.a(port.o)
                0x40085210                xPortInIsrContext
 *fill*         0x40085236        0x2 
 .text.vPortCPUInitializeMutex
                0x40085238        0xe C:/msys32/home/Fernando/esp/esp-idf/examples/projetos/EX03/build/freertos\libfreertos.a(port.o)
                0x40085238                vPortCPUInitializeMutex
 *fill*         0x40085246        0x2 
 .text.vPortCPUAcquireMutex
                0x40085248       0x81 C:/msys32/home/Fernando/esp/esp-idf/examples/projetos/EX03/build/freertos\libfreertos.a(port.o)
                                 0x88 (size before relaxing)
                0x40085248                vPortCPUAcquireMutex
 *fill*         0x400852c9        0x3 
 .text.vPortCPUReleaseMutex
                0x400852cc       0x59 C:/msys32/home/Fernando/esp/esp-idf/examples/projetos/EX03/build/freertos\libfreertos.a(port.o)
                                 0x61 (size before relaxing)
                0x400852cc                vPortCPUReleaseMutex
 *fill*         0x40085325        0x3 
 .text._xt_tick_divisor_init
                0x40085328       0x1c C:/msys32/home/Fernando/esp/esp-idf/examples/projetos/EX03/build/freertos\libfreertos.a(xtensa_init.o)
                                 0x1f (size before relaxing)
                0x40085328                _xt_tick_divisor_init
 *fill*         0x40085344        0x0 
 .text.prvIsQueueFull
                0x40085344       0x2a C:/msys32/home/Fernando/esp/esp-idf/examples/projetos/EX03/build/freertos\libfreertos.a(queue.o)
 *fill*         0x4008536e        0x2 
 .text.prvCopyDataToQueue
                0x40085370       0x9e C:/msys32/home/Fernando/esp/esp-idf/examples/projetos/EX03/build/freertos\libfreertos.a(queue.o)
 *fill*         0x4008540e        0x2 
 .text.prvNotifyQueueSetContainer
                0x40085410       0x6a C:/msys32/home/Fernando/esp/esp-idf/examples/projetos/EX03/build/freertos\libfreertos.a(queue.o)
                                 0x76 (size before relaxing)
 *fill*         0x4008547a        0x2 
 .text.prvCopyDataFromQueue
                0x4008547c       0x24 C:/msys32/home/Fernando/esp/esp-idf/examples/projetos/EX03/build/freertos\libfreertos.a(queue.o)
 .text.xQueueGenericReset
                0x400854a0       0x86 C:/msys32/home/Fernando/esp/esp-idf/examples/projetos/EX03/build/freertos\libfreertos.a(queue.o)
                                 0x96 (size before relaxing)
                0x400854a0                xQueueGenericReset
 *fill*         0x40085526        0x2 
 .text.prvInitialiseNewQueue
                0x40085528       0x1f C:/msys32/home/Fernando/esp/esp-idf/examples/projetos/EX03/build/freertos\libfreertos.a(queue.o)
                                 0x23 (size before relaxing)
 *fill*         0x40085547        0x1 
 .text.xQueueGenericCreate
                0x40085548       0x49 C:/msys32/home/Fernando/esp/esp-idf/examples/projetos/EX03/build/freertos\libfreertos.a(queue.o)
                                 0x4d (size before relaxing)
                0x40085548                xQueueGenericCreate
 *fill*         0x40085591        0x3 
 .text.xQueueGetMutexHolder
                0x40085594       0x23 C:/msys32/home/Fernando/esp/esp-idf/examples/projetos/EX03/build/freertos\libfreertos.a(queue.o)
                0x40085594                xQueueGetMutexHolder
 *fill*         0x400855b7        0x1 
 .text.xQueueCreateCountingSemaphore
                0x400855b8       0x66 C:/msys32/home/Fernando/esp/esp-idf/examples/projetos/EX03/build/freertos\libfreertos.a(queue.o)
                                 0x6a (size before relaxing)
                0x400855b8                xQueueCreateCountingSemaphore
 *fill*         0x4008561e        0x2 
 .text.xQueueGenericSend
                0x40085620      0x158 C:/msys32/home/Fernando/esp/esp-idf/examples/projetos/EX03/build/freertos\libfreertos.a(queue.o)
                                0x18c (size before relaxing)
                0x40085620                xQueueGenericSend
 .text.prvInitialiseMutex
                0x40085778       0x22 C:/msys32/home/Fernando/esp/esp-idf/examples/projetos/EX03/build/freertos\libfreertos.a(queue.o)
                                 0x26 (size before relaxing)
 *fill*         0x4008579a        0x2 
 .text.xQueueCreateMutex
                0x4008579c       0x16 C:/msys32/home/Fernando/esp/esp-idf/examples/projetos/EX03/build/freertos\libfreertos.a(queue.o)
                                 0x1a (size before relaxing)
                0x4008579c                xQueueCreateMutex
 *fill*         0x400857b2        0x2 
 .text.xQueueGiveMutexRecursive
                0x400857b4       0x48 C:/msys32/home/Fernando/esp/esp-idf/examples/projetos/EX03/build/freertos\libfreertos.a(queue.o)
                                 0x4c (size before relaxing)
                0x400857b4                xQueueGiveMutexRecursive
 .text.xQueueGenericSendFromISR
                0x400857fc       0xd6 C:/msys32/home/Fernando/esp/esp-idf/examples/projetos/EX03/build/freertos\libfreertos.a(queue.o)
                                 0xe6 (size before relaxing)
                0x400857fc                xQueueGenericSendFromISR
 *fill*         0x400858d2        0x2 
 .text.xQueueGiveFromISR
                0x400858d4       0xb6 C:/msys32/home/Fernando/esp/esp-idf/examples/projetos/EX03/build/freertos\libfreertos.a(queue.o)
                                 0xc2 (size before relaxing)
                0x400858d4                xQueueGiveFromISR
 *fill*         0x4008598a        0x2 
 .text.xQueueGenericReceive
                0x4008598c      0x144 C:/msys32/home/Fernando/esp/esp-idf/examples/projetos/EX03/build/freertos\libfreertos.a(queue.o)
                                0x178 (size before relaxing)
                0x4008598c                xQueueGenericReceive
 .text.xQueueTakeMutexRecursive
                0x40085ad0       0x51 C:/msys32/home/Fernando/esp/esp-idf/examples/projetos/EX03/build/freertos\libfreertos.a(queue.o)
                0x40085ad0                xQueueTakeMutexRecursive
 *fill*         0x40085b21        0x3 
 .text.xQueueReceiveFromISR
                0x40085b24       0x96 C:/msys32/home/Fernando/esp/esp-idf/examples/projetos/EX03/build/freertos\libfreertos.a(queue.o)
                                 0xa6 (size before relaxing)
                0x40085b24                xQueueReceiveFromISR
 *fill*         0x40085bba        0x2 
 .text.vQueueDelete
                0x40085bbc       0x28 C:/msys32/home/Fernando/esp/esp-idf/examples/projetos/EX03/build/freertos\libfreertos.a(queue.o)
                0x40085bbc                vQueueDelete
 .text.vQueueWaitForMessageRestricted
                0x40085be4       0x23 C:/msys32/home/Fernando/esp/esp-idf/examples/projetos/EX03/build/freertos\libfreertos.a(queue.o)
                                 0x2a (size before relaxing)
                0x40085be4                vQueueWaitForMessageRestricted
 *fill*         0x40085c07        0x1 
 .text.xt_unhandled_interrupt
                0x40085c08       0x16 C:/msys32/home/Fernando/esp/esp-idf/examples/projetos/EX03/build/freertos\libfreertos.a(xtensa_intr.o)
                0x40085c08                xt_unhandled_interrupt
 *fill*         0x40085c1e        0x2 
 .text.xt_set_interrupt_handler
                0x40085c20       0x46 C:/msys32/home/Fernando/esp/esp-idf/examples/projetos/EX03/build/freertos\libfreertos.a(xtensa_intr.o)
                0x40085c20                xt_set_interrupt_handler
 *fill*         0x40085c66        0x2 
 .text          0x40085c68      0x1d0 C:/msys32/home/Fernando/esp/esp-idf/examples/projetos/EX03/build/freertos\libfreertos.a(portasm.o)
                0x40085c68                _frxt_setup_switch
                0x40085c80                _frxt_int_enter
                0x40085cc8                _frxt_int_exit
                0x40085d18                _frxt_timer_int
                0x40085d40                _frxt_tick_timer_init
                0x40085d58                _frxt_dispatch
                0x40085da0                vPortYield
                0x40085dec                vPortYieldFromInt
                0x40085e0c                _frxt_task_coproc_state
 .text          0x40085e38      0x12b C:/msys32/home/Fernando/esp/esp-idf/examples/projetos/EX03/build/freertos\libfreertos.a(xtensa_context.o)
                0x40085e38                _xt_context_save
                0x40085ea0                _xt_context_restore
                0x40085ee4                _xt_coproc_init
                0x40085ef8                _xt_coproc_release
                0x40085f24                _xt_coproc_savecs
                0x40085f44                _xt_coproc_restorecs
 *fill*         0x40085f63        0x1 
 .text.prvGetNextExpireTime
                0x40085f64       0x20 C:/msys32/home/Fernando/esp/esp-idf/examples/projetos/EX03/build/freertos\libfreertos.a(timers.o)
 .text.prvInsertTimerInActiveList
                0x40085f84       0x50 C:/msys32/home/Fernando/esp/esp-idf/examples/projetos/EX03/build/freertos\libfreertos.a(timers.o)
                                 0x54 (size before relaxing)
 .text.prvCheckForValidListAndQueue
                0x40085fd4       0x66 C:/msys32/home/Fernando/esp/esp-idf/examples/projetos/EX03/build/freertos\libfreertos.a(timers.o)
                                 0x7e (size before relaxing)
 *fill*         0x4008603a        0x2 
 .text.xTimerCreateTimerTask
                0x4008603c       0x48 C:/msys32/home/Fernando/esp/esp-idf/examples/projetos/EX03/build/freertos\libfreertos.a(timers.o)
                                 0x4c (size before relaxing)
                0x4008603c                xTimerCreateTimerTask
 .text.xTimerGenericCommand
                0x40086084       0x55 C:/msys32/home/Fernando/esp/esp-idf/examples/projetos/EX03/build/freertos\libfreertos.a(timers.o)
                                 0x5d (size before relaxing)
                0x40086084                xTimerGenericCommand
 *fill*         0x400860d9        0x3 
 .text.prvSwitchTimerLists
                0x400860dc       0x76 C:/msys32/home/Fernando/esp/esp-idf/examples/projetos/EX03/build/freertos\libfreertos.a(timers.o)
                                 0x82 (size before relaxing)
 *fill*         0x40086152        0x2 
 .text.prvSampleTimeNow
                0x40086154       0x2b C:/msys32/home/Fernando/esp/esp-idf/examples/projetos/EX03/build/freertos\libfreertos.a(timers.o)
                                 0x2f (size before relaxing)
 *fill*         0x4008617f        0x1 
 .text.prvProcessExpiredTimer
                0x40086180       0x53 C:/msys32/home/Fernando/esp/esp-idf/examples/projetos/EX03/build/freertos\libfreertos.a(timers.o)
                                 0x5f (size before relaxing)
 *fill*         0x400861d3        0x1 
 .text.prvProcessTimerOrBlockTask
                0x400861d4       0x58 C:/msys32/home/Fernando/esp/esp-idf/examples/projetos/EX03/build/freertos\libfreertos.a(timers.o)
                                 0x6c (size before relaxing)
 .text.prvProcessReceivedCommands
                0x4008622c       0xd6 C:/msys32/home/Fernando/esp/esp-idf/examples/projetos/EX03/build/freertos\libfreertos.a(timers.o)
                                 0xe6 (size before relaxing)
 *fill*         0x40086302        0x2 
 .text.prvTimerTask
                0x40086304       0x15 C:/msys32/home/Fernando/esp/esp-idf/examples/projetos/EX03/build/freertos\libfreertos.a(timers.o)
                                 0x1d (size before relaxing)
 *fill*         0x40086319        0x0 
 *fill*         0x40086319        0x0 
 *fill*         0x40086319        0x0 
 *fill*         0x40086319        0x0 
 *fill*         0x40086319        0x0 
 *fill*         0x40086319        0x0 
 *fill*         0x40086319        0x0 
 *fill*         0x40086319        0x0 
 *fill*         0x40086319        0x0 
 *fill*         0x40086319        0x0 
 *fill*         0x40086319        0x0 
 *fill*         0x40086319        0x0 
 *fill*         0x40086319        0x0 
 *fill*         0x40086319        0x0 
 *fill*         0x40086319        0x0 
 *fill*         0x40086319        0x0 
 *fill*         0x40086319        0x0 
 *fill*         0x40086319        0x0 
 *fill*         0x40086319        0x0 
 *fill*         0x40086319        0x0 
 *fill*         0x40086319        0x0 
 *fill*         0x40086319        0x0 
 *fill*         0x40086319        0x0 
 *fill*         0x40086319        0x0 
 *fill*         0x40086319        0x0 
 *fill*         0x40086319        0x0 
 *fill*         0x40086319        0x0 
 *fill*         0x40086319        0x0 
 *fill*         0x40086319        0x0 
 *fill*         0x40086319        0x0 
 *fill*         0x40086319        0x0 
 *fill*         0x40086319        0x3 
 .text.vPortStoreTaskMPUSettings
                0x4008631c       0x13 C:/msys32/home/Fernando/esp/esp-idf/examples/projetos/EX03/build/freertos\libfreertos.a(port.o)
                0x4008631c                vPortStoreTaskMPUSettings
 *fill*         0x4008632f        0x0 
 *fill*         0x4008632f        0x0 
 *fill*         0x4008632f        0x0 
 *fill*         0x4008632f        0x0 
 *fill*         0x4008632f        0x0 
 *fill*         0x4008632f        0x1 
 .text.vListInitialise
                0x40086330       0x15 C:/msys32/home/Fernando/esp/esp-idf/examples/projetos/EX03/build/freertos\libfreertos.a(list.o)
                0x40086330                vListInitialise
 *fill*         0x40086345        0x3 
 .text.vListInitialiseItem
                0x40086348        0x9 C:/msys32/home/Fernando/esp/esp-idf/examples/projetos/EX03/build/freertos\libfreertos.a(list.o)
                0x40086348                vListInitialiseItem
 *fill*         0x40086351        0x3 
 .text.vListInsertEnd
                0x40086354       0x1b C:/msys32/home/Fernando/esp/esp-idf/examples/projetos/EX03/build/freertos\libfreertos.a(list.o)
                0x40086354                vListInsertEnd
 *fill*         0x4008636f        0x1 
 .text.vListInsert
                0x40086370       0x2f C:/msys32/home/Fernando/esp/esp-idf/examples/projetos/EX03/build/freertos\libfreertos.a(list.o)
                0x40086370                vListInsert
 *fill*         0x4008639f        0x1 
 .text.uxListRemove
                0x400863a0       0x26 C:/msys32/home/Fernando/esp/esp-idf/examples/projetos/EX03/build/freertos\libfreertos.a(list.o)
                0x400863a0                uxListRemove
 *fill*         0x400863c6        0x2 
 .text.prvIsQueueEmpty
                0x400863c8       0x12 C:/msys32/home/Fernando/esp/esp-idf/examples/projetos/EX03/build/freertos\libfreertos.a(queue.o)
 *fill*         0x400863da        0x0 
 *fill*         0x400863da        0x0 
 *fill*         0x400863da        0x0 
 *fill*         0x400863da        0x0 
 *fill*         0x400863da        0x0 
 *fill*         0x400863da        0x0 
 *fill*         0x400863da        0x0 
 *fill*         0x400863da        0x0 
 *fill*         0x400863da        0x0 
 *fill*         0x400863da        0x0 
 *fill*         0x400863da        0x0 
 *fill*         0x400863da        0x0 
 *fill*         0x400863da        0x0 
 *fill*         0x400863da        0x0 
 *fill*         0x400863da        0x0 
 *fill*         0x400863da        0x0 
 *fill*         0x400863da        0x0 
 *fill*         0x400863da        0x0 
 *fill*         0x400863da        0x2 
 .text          0x400863dc       0x33 C:/msys32/home/Fernando/esp/esp-idf/examples/projetos/EX03/build/freertos\libfreertos.a(xtensa_intr_asm.o)
                0x400863dc                xt_ints_on
                0x400863f4                xt_ints_off
 *fill*         0x4008640f        0x0 
 *fill*         0x4008640f        0x0 
 *fill*         0x4008640f        0x0 
 *fill*         0x4008640f        0x0 
 *fill*         0x4008640f        0x0 
 *fill*         0x4008640f        0x0 
 *fill*         0x4008640f        0x0 
 *libheap.a:multi_heap.o(.literal .text .literal.* .text.*)
 *fill*         0x4008640f        0x1 
 .text.get_prev_free_block
                0x40086410       0x68 C:/msys32/home/Fernando/esp/esp-idf/examples/projetos/EX03/build/heap\libheap.a(multi_heap.o)
                                 0x77 (size before relaxing)
 *fill*         0x40086478        0x0 
 .text.split_if_necessary
                0x40086478       0xd6 C:/msys32/home/Fernando/esp/esp-idf/examples/projetos/EX03/build/heap\libheap.a(multi_heap.o)
                                 0xe2 (size before relaxing)
 *fill*         0x4008654e        0x2 
 .text.assert_valid_block
                0x40086550       0xac C:/msys32/home/Fernando/esp/esp-idf/examples/projetos/EX03/build/heap\libheap.a(multi_heap.o)
                                 0xb4 (size before relaxing)
 .text.merge_adjacent
                0x400865fc      0x12c C:/msys32/home/Fernando/esp/esp-idf/examples/projetos/EX03/build/heap\libheap.a(multi_heap.o)
                                0x140 (size before relaxing)
 .text.multi_heap_get_allocated_size_impl
                0x40086728       0x38 C:/msys32/home/Fernando/esp/esp-idf/examples/projetos/EX03/build/heap\libheap.a(multi_heap.o)
                                 0x3c (size before relaxing)
                0x40086728                multi_heap_get_allocated_size_impl
                0x40086728                multi_heap_get_allocated_size
 .text.multi_heap_malloc_impl
                0x40086760      0x110 C:/msys32/home/Fernando/esp/esp-idf/examples/projetos/EX03/build/heap\libheap.a(multi_heap.o)
                                0x120 (size before relaxing)
                0x40086760                multi_heap_malloc_impl
                0x40086760                multi_heap_malloc
 .text.multi_heap_free_impl
                0x40086870      0x130 C:/msys32/home/Fernando/esp/esp-idf/examples/projetos/EX03/build/heap\libheap.a(multi_heap.o)
                                0x14c (size before relaxing)
                0x40086870                multi_heap_free_impl
                0x40086870                multi_heap_free
 .text.multi_heap_realloc_impl
                0x400869a0      0x258 C:/msys32/home/Fernando/esp/esp-idf/examples/projetos/EX03/build/heap\libheap.a(multi_heap.o)
                                0x274 (size before relaxing)
                0x400869a0                multi_heap_realloc_impl
                0x400869a0                multi_heap_realloc
 *fill*         0x40086bf8        0x0 
 *fill*         0x40086bf8        0x0 
 *fill*         0x40086bf8        0x0 
 .text.multi_heap_register_impl
                0x40086bf8       0x51 C:/msys32/home/Fernando/esp/esp-idf/examples/projetos/EX03/build/heap\libheap.a(multi_heap.o)
                0x40086bf8                multi_heap_register
                0x40086bf8                multi_heap_register_impl
 *fill*         0x40086c49        0x3 
 .text.multi_heap_set_lock
                0x40086c4c        0x7 C:/msys32/home/Fernando/esp/esp-idf/examples/projetos/EX03/build/heap\libheap.a(multi_heap.o)
                0x40086c4c                multi_heap_set_lock
 *fill*         0x40086c53        0x0 
 *libheap.a:multi_heap_poisoning.o(.literal .text .literal.* .text.*)
 *libesp32.a:panic.o(.literal .text .literal.* .text.*)
 *fill*         0x40086c53        0x1 
 .text.panicPutChar
                0x40086c54       0x1e C:/msys32/home/Fernando/esp/esp-idf/examples/projetos/EX03/build/esp32\libesp32.a(panic.o)
 *fill*         0x40086c72        0x2 
 .text.panicPutStr
                0x40086c74       0x1a C:/msys32/home/Fernando/esp/esp-idf/examples/projetos/EX03/build/esp32\libesp32.a(panic.o)
 *fill*         0x40086c8e        0x2 
 .text.panicPutHex
                0x40086c90       0x2c C:/msys32/home/Fernando/esp/esp-idf/examples/projetos/EX03/build/esp32\libesp32.a(panic.o)
                                 0x2f (size before relaxing)
 *fill*         0x40086cbc        0x0 
 .text.panicPutDec
                0x40086cbc       0x3c C:/msys32/home/Fernando/esp/esp-idf/examples/projetos/EX03/build/esp32\libesp32.a(panic.o)
                                 0x46 (size before relaxing)
 *fill*         0x40086cf8        0x0 
 .text.reconfigureAllWdts
                0x40086cf8       0xa8 C:/msys32/home/Fernando/esp/esp-idf/examples/projetos/EX03/build/esp32\libesp32.a(panic.o)
 .text.putEntry
                0x40086da0       0x2b C:/msys32/home/Fernando/esp/esp-idf/examples/projetos/EX03/build/esp32\libesp32.a(panic.o)
                                 0x37 (size before relaxing)
 *fill*         0x40086dcb        0x1 
 .text.doBacktrace
                0x40086dcc       0x71 C:/msys32/home/Fernando/esp/esp-idf/examples/projetos/EX03/build/esp32\libesp32.a(panic.o)
                                 0x78 (size before relaxing)
 *fill*         0x40086e3d        0x3 
 .text.invoke_abort